---
source: crates/tribute-passes/src/native/rc_lowering.rs
expression: result
---
core.module @test {
  clif.func {sym_name = @f, type = core.func(core.ptr, core.ptr)} {
    ^bb0(%0: core.ptr):
      %1 = clif.iconst {value = 0} : core.ptr
      %2 = clif.icmp %0, %1 {cond = @eq} : core.i8
      clif.brif %2 [^bb2, ^bb1]

    ^bb1:
      %3 = clif.iconst {value = 8} : core.i64
      %4 = clif.isub %0, %3 : core.ptr
      %5 = clif.load %4 {offset = 0} : core.i32
      %6 = clif.iconst {value = 1} : core.i32
      %7 = clif.iadd %5, %6 : core.i32
      clif.store %7, %4 {offset = 0}
      clif.jump [^bb2]

    ^bb2:
      clif.return %0
  }
}
