---
source: crates/tribute-passes/src/native/rc_lowering.rs
assertion_line: 1292
expression: ir
---
core.module @test {
  clif.func {sym_name = @retain_only, type = core.func(core.ptr, core.ptr)} {
  ^bb1(%p: core.ptr):
    %0 = clif.iconst {value = 0} : core.ptr
    %1 = clif.icmp %p, %0 {cond = @eq} : core.i8
    clif.brif %1
  ^bb2:
    %2 = clif.iconst {value = 8} : core.i64
    %3 = clif.isub %p, %2 : core.ptr
    %4 = clif.load %3 {offset = 0} : core.i32
    %5 = clif.iconst {value = 1} : core.i32
    %6 = clif.iadd %4, %5 : core.i32
    clif.store %6, %3 {offset = 0}
    clif.jump
  ^bb3:
    clif.return %p
  }
}
