---
source: crates/tribute-passes/src/native/adt_rc_header.rs
expression: do_lower_struct_new_empty(db)
---
core.module @test {
  %0 = clif.iconst {value = 8} : core.u64
  %1 = clif.call %0 {callee = @__tribute_alloc} : core.ptr
  %2 = clif.iconst {value = 1} : core.i32
  clif.store %2, %1 {offset = 0}
  %3 = clif.iconst {value = 0} : core.i32
  clif.store %3, %1 {offset = 4}
  %4 = clif.iconst {value = 8} : core.u64
  %5 = clif.iadd %1, %4 : core.ptr
  %6 = clif.iconst {value = 0} : core.u64
  %7 = clif.iadd %5, %6 : core.ptr
}
