---
source: crates/tribute-passes/src/native/rc_insertion.rs
expression: ir
---
core.module @test {
  clif.func {sym_name = @alloc_and_store, type = core.func(core.ptr, core.i32)} {
  ^bb1(%val: core.i32):
    %0 = clif.iconst {value = 4} : core.i64
    %1 = clif.call %0 {callee = @__tribute_alloc} : core.ptr
    clif.store %val, %1 {offset = 0}
    clif.return %1
  }
}
