---
source: crates/tribute-passes/src/native/rtti.rs
assertion_line: 949
expression: ir
---
core.module @test {
  %0 = clif.iconst {value = 42} : core.i32
  %1 = clif.iconst {value = 0} : core.ptr
  %2 = adt.struct_new %0, %1 {type = adt.struct() {fields = [[@value, core.i32], [@next, core.ptr]], name = @Node}} : adt.struct() {fields = [[@value, core.i32], [@next, core.ptr]], name = @Node}
  clif.func {sym_name = @__tribute_release_32, type = core.func(core.nil, core.ptr)} {
  ^bb1(%arg0: core.ptr):
    %3 = clif.load %arg0 {offset = 8} : core.ptr
    %4 = clif.iconst {value = 0} : core.ptr
    %5 = clif.icmp %3, %4 {cond = @eq} : core.i8
    clif.brif %5
  ^bb2:
    %6 = clif.load %arg0 {offset = 8} : core.ptr
    tribute_rt.release %6 {alloc_size = 0}
    clif.jump
  ^bb3:
    %7 = clif.iconst {value = 8} : core.i64
    %8 = clif.isub %arg0, %7 : core.ptr
    %9 = clif.iconst {value = 24} : core.i64
    %10 = clif.call %8, %9 {callee = @__tribute_dealloc} : core.nil
    clif.return
  }
}
