---
source: crates/tribute-passes/src/cont_to_trampoline/tests.rs
expression: result
---
core.module @test {
  func.func @effectful_fn() -> core.ptr effects core.effect_row(core.ability_ref() {name = @State}) {
      %0 = arith.const {value = 42} : core.i32
      %1 = arith.const {value = 1} : core.i32
      %2 = core.unrealized_conversion_cast %1 : core.ptr
      %3 = trampoline.build_state {state_type = adt.struct() {fields = [], name = @__State_2d8a666717f4}} : adt.struct() {fields = [], name = @__State_2d8a666717f4}
      %4 = func.constant {func_ref = @__resume_0} : core.i32
      %5 = trampoline.build_continuation %0, %4, %3, %2 {op_idx = 1972422014} : trampoline.continuation
      trampoline.set_yield_state %0, %5 {op_idx = 1972422014}
      %6 = trampoline.step_shift %0, %5 {op_idx = 1972422014} : trampoline.step
      func.return %6
  }
  func.func @__resume_0(%0: core.array(adt.struct() {fields = [[@ability_id, core.i32], [@prompt_tag, core.i32], [@tr_dispatch_fn, core.ptr]], name = @_Marker}), %1: trampoline.resume_wrapper) -> core.array(adt.struct() {fields = [[@ability_id, core.i32], [@prompt_tag, core.i32], [@tr_dispatch_fn, core.ptr]], name = @_Marker}) {
    ^bb0:
      %2 = trampoline.resume_wrapper_get %1 {field = 1} : tribute_rt.anyref
      %3 = core.unrealized_conversion_cast %2 : core.ptr
      %4 = trampoline.step_done %? : trampoline.step
      func.return %4
  }
}
