---
source: crates/tribute-passes/src/lower_ability_perform.rs
expression: ir_text
---
core.module @test {
  !_closure = adt.struct(core.i32, tribute_rt.anyref) {name = @_closure}
  !_Marker = adt.struct() {fields = [[@ability_id, core.i32], [@prompt_tag, core.i32], [@tr_dispatch_fn, core.ptr], [@handler_dispatch, core.ptr]], name = @_Marker}

  func.func @test_fn(%0: core.array(!_Marker)) -> tribute_rt.anyref {
      %1 = arith.const {value = 0} : tribute_rt.anyref
      %2 = ability.evidence_lookup %0 {ability_ref = core.ability_ref() {name = @State}} : !_Marker
      %3 = adt.struct_get %2 {field = 3, type = !_Marker} : !_closure
      %4 = arith.const {value = 1972422014} : core.i32
      %5 = adt.ref_null {type = tribute_rt.anyref} : tribute_rt.anyref
      %6 = core.unrealized_conversion_cast %1 : tribute_rt.anyref
      %7 = adt.struct_get %3 {field = 0, type = !_closure} : core.i32
      %8 = adt.struct_get %3 {field = 1, type = !_closure} : tribute_rt.anyref
      %9 = func.call_indirect %7, %0, %8, %6, %4, %5 : tribute_rt.anyref
      func.return %9
  }
}
