---
source: crates/tribute-front/src/ast_to_ir/lower.rs
expression: ir_module
---
Module(test) {
    operations: [
        func @__add(core.i32, core.i32) -> core.i32 {
            body: [
                "func.unreachable",
            ],
        },
        func @main() -> core.nil {
            body: [
                "arith.const",
                "func.return",
            ],
        },
    ],
}
