---
source: crates/trunk-ir/src/context.rs
assertion_line: 1581
expression: output
---
core.module @test {
  func.func @original() -> core.i32 {
      %0 = arith.const {value = 7} : core.i32
      %1 = arith.negi %0 : core.i32
      func.return %1
  }
  func.func @cloned() -> core.i32 {
      %0 = arith.const {value = 7} : core.i32
      %1 = arith.negi %0 : core.i32
      func.return %1
  }
}
