---
source: crates/trunk-ir/src/context.rs
expression: output
---
core.module @test {
  func.func @original(%0: core.i1) -> core.i32 {
      %1 = scf.if %0 : core.i32 {
          %2 = arith.const {value = 1} : core.i32
          scf.yield %2
      } {
          %3 = arith.const {value = 2} : core.i32
          scf.yield %3
      }
      func.return %1
  }
  func.func @cloned(%0: core.i1) -> core.i32 {
      %1 = scf.if %0 : core.i32 {
          %2 = arith.const {value = 1} : core.i32
          scf.yield %2
      } {
          %3 = arith.const {value = 2} : core.i32
          scf.yield %3
      }
      func.return %1
  }
}
