---
source: crates/trunk-ir/src/context.rs
assertion_line: 1618
expression: output
---
core.module @test {
  func.func @original() -> core.i32 {
    ^bb0:
      %0 = arith.const {value = 1} : core.i32
      cf.br %0 [^bb1]
    ^bb1(%1: core.i32):
      func.return %1
  }
  func.func @cloned() -> core.i32 {
    ^bb0:
      %0 = arith.const {value = 1} : core.i32
      cf.br %0 [^bb1]
    ^bb1(%1: core.i32):
      func.return %1
  }
}
