---
source: tests/active_pipeline_goldens.rs
expression: ir_text
---
core.module @direct_fn {
  !"Result$T0$T1" = adt.enum() {name = @"Result$T0$T1", variants = [[@Ok, [tribute_rt.anyref]], [@Error, [tribute_rt.anyref]]]}
  !_closure = adt.struct(core.i32, tribute_rt.anyref) {name = @_closure}
  !"Option$T0" = adt.enum() {name = @"Option$T0", variants = [[@None, []], [@Some, [tribute_rt.anyref]]]}
  !String = adt.enum() {name = @String, variants = [[@Leaf, [core.bytes]], [@Branch, [tribute_rt.anyref, tribute_rt.anyref, core.i32]]]}
  !t1 = core.func(tribute_rt.anyref, tribute_rt.anyref)
  !"Result$T3$T4" = adt.enum() {name = @"Result$T3$T4", variants = [[@Ok, [tribute_rt.anyref]], [@Error, [tribute_rt.anyref]]]}
  !"Result$T6$T5" = adt.enum() {name = @"Result$T6$T5", variants = [[@Ok, [tribute_rt.anyref]], [@Error, [tribute_rt.anyref]]]}
  !"Option$T2" = adt.enum() {name = @"Option$T2", variants = [[@None, []], [@Some, [tribute_rt.anyref]]]}
  !_Marker = adt.struct() {fields = [[@ability_id, core.i32], [@prompt_tag, core.i32], [@tr_dispatch_fn, core.ptr], [@handler_dispatch, core.ptr]], name = @_Marker}
  !t0 = core.array(!_Marker)
  !t2 = closure.closure(core.func(tribute_rt.anyref, !t0, closure.closure(!t1), tribute_rt.anyref))
  !"Result$T4$T3" = adt.enum() {name = @"Result$T4$T3", variants = [[@Ok, [tribute_rt.anyref]], [@Error, [tribute_rt.anyref]]]}
  !"Option$T1" = adt.enum() {name = @"Option$T1", variants = [[@None, []], [@Some, [tribute_rt.anyref]]]}
  !"Option$T3" = adt.enum() {name = @"Option$T3", variants = [[@None, []], [@Some, [tribute_rt.anyref]]]}

  func.func @__tribute_next_tag() -> core.i32 attributes {abi = "C"} {
      func.unreachable
  }

  func.func @__tribute_evidence_extend(%0: !t0, %1: !_Marker) -> !t0 {
      func.unreachable
  }

  func.func @__tribute_evidence_lookup(%0: !t0, %1: core.i32) -> !_Marker {
      func.unreachable
  }

  func.func @use_console(%0: !t0) -> core.i32 attributes {tribute.calling_convention = 1} {
      %1 = adt.ref_null {type = tribute_rt.anyref} : tribute_rt.anyref
      %2 = effect.dispatch_tail %0, %1 {ability_ref = core.ability_ref() {name = @Console}, op_name = @read} : tribute_rt.anyref
      %3 = core.unrealized_conversion_cast %2 : core.i32
      %4 = core.unrealized_conversion_cast %3 : tribute_rt.anyref
      %5 = effect.dispatch_tail %0, %4 {ability_ref = core.ability_ref() {name = @Console}, op_name = @print} : tribute_rt.anyref
      %6 = core.unrealized_conversion_cast %5 : core.nil
      func.return %3
  }

  func.func @"direct_fn::__lambda_5"(%0: !t0, %1: tribute_rt.anyref, %2: tribute_rt.anyref) -> tribute_rt.anyref {
      func.return %2
  }

  func.func @"direct_fn::__lambda_6"(%0: !t0, %1: tribute_rt.anyref, %2: tribute_rt.anyref) -> tribute_rt.anyref {
      func.return %2
  }

  func.func @"direct_fn::__lambda_7"(%0: !t0, %1: tribute_rt.anyref, %2: tribute_rt.anyref) -> tribute_rt.anyref {
      func.return %2
  }

  func.func @"direct_fn::__lambda_8"(%0: !t0, %1: tribute_rt.anyref, %2: tribute_rt.anyref) -> tribute_rt.anyref {
      func.return %2
  }

  func.func @run() -> core.i32 attributes {tribute.calling_convention = 0} {
      %0 = arith.const {value = 0} : core.i32
      %1 = adt.array_new %0 {type = !t0} : !t0
      %2 = adt.ref_null {type = tribute_rt.anyref} : tribute_rt.anyref
      %3 = func.constant {func_ref = @"run::__clam_0"} : core.func(tribute_rt.anyref)
      %4 = adt.struct_new %3, %2 {type = !_closure} : !_closure
      %5 = adt.ref_null {type = !t0} : !t0
      %6 = adt.struct_get %4 {field = 0, type = !_closure} : core.i32
      %7 = adt.struct_get %4 {field = 1, type = !_closure} : tribute_rt.anyref
      %8 = adt.ref_null {type = tribute_rt.anyref} : tribute_rt.anyref
      %9 = func.constant {func_ref = @"run::__clam_1"} : core.func(tribute_rt.anyref, tribute_rt.anyref, core.i32, tribute_rt.anyref)
      %10 = adt.struct_new %9, %8 {type = !_closure} : !_closure
      %11 = adt.ref_null {type = tribute_rt.anyref} : tribute_rt.anyref
      %12 = func.constant {func_ref = @"run::__clam_2"} : core.func(tribute_rt.anyref, core.i32, tribute_rt.anyref)
      %13 = adt.struct_new %12, %11 {type = !_closure} : !_closure
      %14 = func.call {callee = @__tribute_next_tag} : core.i32
      %15 = effect.extend %1, %14, %13, %10 {ability_ref = core.ability_ref() {name = @Console}} : !t0
      %16 = func.call_indirect %6, %15, %7 : tribute_rt.anyref
      %17 = core.unrealized_conversion_cast %16 : core.i32
      %18 = core.unrealized_conversion_cast %17 : tribute_rt.anyref
      %19 = core.unrealized_conversion_cast %18 : core.i32
      func.return %19
  }

  func.func @main() -> core.nil attributes {tribute.calling_convention = 0} {
      %0 = func.call {callee = @run, tribute.calling_convention = 0} : core.i32
      %1 = arith.const {value = unit} : core.nil
      func.return %1
  }

  func.func @"run::__clam_0"(%0: !t0, %1: tribute_rt.anyref) -> tribute_rt.anyref {
      %2 = adt.ref_null {type = !t0} : !t0
      %3 = func.call %0 {callee = @use_console} : core.i32
      %4 = core.unrealized_conversion_cast %3 : tribute_rt.anyref
      func.return %4
  }

  func.func @"run::__clam_1"(%0: !t0, %1: tribute_rt.anyref, %2: tribute_rt.anyref, %3: core.i32, %4: tribute_rt.anyref) -> tribute_rt.anyref {
      %5 = arith.const {value = 664197438} : core.i32
      %6 = arith.cmpi %3, %5 {predicate = @eq} : core.i1
      %7 = scf.if %6 : tribute_rt.anyref {
          %8 = adt.ref_null {type = tribute_rt.anyref} : tribute_rt.anyref
          %9 = func.constant {func_ref = @"direct_fn::__lambda_7"} : !t1
          %10 = adt.struct_new %9, %8 {type = !_closure} : !_closure
          %11 = arith.const {value = 41} : core.i32
          %12 = core.unrealized_conversion_cast %11 : tribute_rt.anyref
          scf.yield %12
      } {
          %13 = arith.const {value = 1} : core.i1
          %14 = scf.if %13 : tribute_rt.anyref {
              %15 = adt.ref_null {type = tribute_rt.anyref} : tribute_rt.anyref
              %16 = func.constant {func_ref = @"direct_fn::__lambda_8"} : !t1
              %17 = adt.struct_new %16, %15 {type = !_closure} : !_closure
              %18 = arith.const {value = unit} : core.nil
              %19 = core.unrealized_conversion_cast %18 : tribute_rt.anyref
              scf.yield %19
          } {
              func.unreachable
          }
          scf.yield %14
      }
      func.return %7
  }

  func.func @"run::__clam_2"(%0: !t0, %1: tribute_rt.anyref, %2: core.i32, %3: tribute_rt.anyref) -> tribute_rt.anyref {
      %4 = arith.const {value = 664197438} : core.i32
      %5 = arith.cmpi %2, %4 {predicate = @eq} : core.i1
      %6 = scf.if %5 : tribute_rt.anyref {
          %7 = arith.const {value = 41} : core.i32
          %8 = core.unrealized_conversion_cast %7 : tribute_rt.anyref
          scf.yield %8
      } {
          %9 = arith.const {value = 1} : core.i1
          %10 = scf.if %9 : tribute_rt.anyref {
              %11 = arith.const {value = unit} : core.nil
              %12 = core.unrealized_conversion_cast %11 : tribute_rt.anyref
              scf.yield %12
          } {
              func.unreachable
          }
          scf.yield %10
      }
      func.return %6
  }
}
