---
source: tests/active_pipeline_goldens.rs
expression: ir_text
---
core.module @resumptive_op {
  !"String::Cursor" = adt.enum() {name = @"String::Cursor", variants = [[@CursorDone, []], [@CursorPending, [tribute_rt.anyref, tribute_rt.anyref]], [@CursorChunk, [core.bytes, core.i32, core.i32, tribute_rt.anyref]]]}
  !_closure = adt.struct() {fields = [[@func_ptr, core.i32], [@env, tribute_rt.anyref]], name = @_closure}
  !Result = adt.enum() {name = @Result, variants = [[@Ok, [tribute_rt.anyref]], [@Error, [tribute_rt.anyref]]]}
  !String = adt.enum() {name = @String, tribute.definition.end = 11022, tribute.definition.source = 4923843560778033168, tribute.definition.start = 10957, variants = [[@Leaf, [core.bytes]], [@Branch, [tribute_rt.anyref, tribute_rt.anyref, core.i32]]]}
  !Option = adt.enum() {name = @Option, variants = [[@None, []], [@Some, [tribute_rt.anyref]]]}
  !__tribute_cps_control = adt.enum() {name = @__tribute_cps_control, variants = [[@Normal, [tribute_rt.anyref]], [@Escape, [core.i32, tribute_rt.anyref]]]}
  !"std::io::ReadLineResult" = adt.enum() {name = @"std::io::ReadLineResult", variants = [[@ReadLine, [core.bytes]], [@ReadEndOfFile, []], [@ReadInvalidEncoding, []], [@ReadSystem, [core.i32, core.bytes]]]}
  !t3 = core.func(tribute_rt.anyref, tribute_rt.anyref)
  !t2 = closure.closure(!t3)
  !"bump::__clam_0::__clam_0::env" = adt.struct() {fields = [[@_0, core.i32], [@_1, tribute_rt.anyref]], name = @"bump::__clam_0::__clam_0::env"}
  !"run_state::__clam_1::__clam_0::env" = adt.struct() {fields = [[@_0, core.i32]], name = @"run_state::__clam_1::__clam_0::env"}
  !"run_state::__clam_1::__clam_1::env" = adt.struct() {fields = [[@_0, core.i32]], name = @"run_state::__clam_1::__clam_1::env"}
  !"Result::map_err::__clam_0::env" = adt.struct() {fields = [[@_0, tribute_rt.anyref]], name = @"Result::map_err::__clam_0::env"}
  !"Option::map::__clam_0::env" = adt.struct() {fields = [[@_0, tribute_rt.anyref]], name = @"Option::map::__clam_0::env"}
  !"Result::map::__clam_0::env" = adt.struct() {fields = [[@_0, tribute_rt.anyref]], name = @"Result::map::__clam_0::env"}
  !"bump::__clam_0::env" = adt.struct() {fields = [[@_0, tribute_rt.anyref]], name = @"bump::__clam_0::env"}
  !"Int::ParseError" = adt.enum() {name = @"Int::ParseError", variants = [[@InvalidSyntax, []], [@OutOfRange, []]]}
  !"std::io::Error" = adt.enum() {name = @"std::io::Error", variants = [[@EndOfFile, []], [@InvalidEncoding, []], [@System, [tribute_rt.anyref]]]}
  !t6 = core.ability_ref() {name = @"abilities::Throw"}
  !_Marker = adt.struct() {fields = [[@ability_id, core.i32], [@prompt_tag, core.i32], [@tr_dispatch_fn, core.ptr], [@handler_dispatch, core.ptr]], name = @_Marker}
  !t0 = core.array(!_Marker)
  !t1 = core.func(tribute_rt.anyref, !t0, tribute_rt.anyref, tribute_rt.anyref)
  !t4 = closure.closure(!t1)
  !t5 = core.func(tribute_rt.anyref, !t0, tribute_rt.anyref, !_closure, tribute_rt.anyref)
  !t7 = core.func(tribute_rt.anyref, !t0, tribute_rt.anyref, tribute_rt.anyref, tribute_rt.anyref)
  !"std::io::SystemError" = adt.struct() {fields = [[@code, core.i32], [@message, tribute_rt.anyref]], name = @"std::io::SystemError"}

  func.func @__tribute_next_tag() -> core.i32 attributes {abi = "C"} {
      func.unreachable
  }

  func.func @__tribute_evidence_extend(%0: !t0, %1: !_Marker) -> !t0 {
      func.unreachable
  }

  func.func @__tribute_evidence_lookup(%0: !t0, %1: core.i32) -> !_Marker {
      func.unreachable
  }
    !"std::io::SystemError_1" = adt.typeref() {name = @"std::io::SystemError"}

  func.func @bump(%0: !t0, %1: tribute_rt.anyref) -> tribute_rt.anyref attributes {tribute.calling_convention = 2} {
      %2 = adt.struct_new %1 {type = !"bump::__clam_0::env"} : !"bump::__clam_0::env"
      %3 = func.constant {func_ref = @"bump::__clam_0"} : !t3
      %4 = adt.struct_new %3, %2 {type = !_closure} : !_closure
      %5 = adt.ref_null {type = tribute_rt.anyref} : tribute_rt.anyref
      %6 = core.unrealized_conversion_cast %4 : tribute_rt.anyref
      %7 = effect.legacy_dispatch_cps %0, %6, %5 {ability_ref = core.ability_ref() {name = @State}, op_name = @get} : tribute_rt.anyref
      func.return %7
  }

  func.func @"resumptive_op::__lambda_0"(%0: !t0, %1: tribute_rt.anyref, %2: tribute_rt.anyref) -> tribute_rt.anyref {
      func.return %2
  }

  func.func @"resumptive_op::__lambda_1"(%0: !t0, %1: tribute_rt.anyref, %2: tribute_rt.anyref) -> tribute_rt.anyref {
      %3 = adt.variant_new %2 {tag = @Normal, type = !__tribute_cps_control} : tribute_rt.anyref
      func.return %3
  }

  func.func @run_state() -> core.i32 attributes {tribute.calling_convention = 0} {
      %0 = arith.const {value = 0} : core.i32
      %1 = adt.array_new %0 {type = !t0} : !t0
      %2 = adt.ref_null {type = tribute_rt.anyref} : tribute_rt.anyref
      %3 = func.constant {func_ref = @"resumptive_op::__lambda_0"} : !t3
      %4 = adt.struct_new %3, %2 {type = !_closure} : !_closure
      %5 = adt.ref_null {type = tribute_rt.anyref} : tribute_rt.anyref
      %6 = func.constant {func_ref = @"run_state::__clam_0"} : !t3
      %7 = adt.struct_new %6, %5 {type = !_closure} : !_closure
      %8 = adt.ref_null {type = tribute_rt.anyref} : tribute_rt.anyref
      %9 = func.constant {func_ref = @"resumptive_op::__lambda_1"} : !t3
      %10 = adt.struct_new %9, %8 {type = !_closure} : !_closure
      %11 = adt.ref_null {type = !t0} : !t0
      %12 = adt.struct_get %7 {field = 0, type = !_closure} : core.i32
      %13 = adt.struct_get %7 {field = 1, type = !_closure} : tribute_rt.anyref
      %14 = adt.ref_null {type = tribute_rt.anyref} : tribute_rt.anyref
      %15 = func.constant {func_ref = @"run_state::__clam_1"} : core.func(tribute_rt.anyref, tribute_rt.anyref, core.i32, core.i32, tribute_rt.anyref)
      %16 = adt.struct_new %15, %14 {type = !_closure} : !_closure
      %17 = arith.const {value = 0} : tribute_rt.anyref
      %18 = func.call {callee = @__tribute_next_tag} : core.i32
      %19 = effect.extend %1, %18, %17, %16 {ability_ref = core.ability_ref() {name = @State}} : !t0
      %20 = func.call_indirect %12, %19, %13, %10 {func.indirect_call_signature = core.func(tribute_rt.anyref, !t0, tribute_rt.anyref, !_closure)} : tribute_rt.anyref
      %21 = adt.variant_is %20 {tag = @Normal, type = !__tribute_cps_control} : core.i1
      %22 = scf.if %21 : tribute_rt.anyref {
          %23 = adt.variant_cast %20 {tag = @Normal, type = !__tribute_cps_control} : tribute_rt.anyref
          %24 = adt.variant_get %23 {field = 0, tag = @Normal, type = !__tribute_cps_control} : tribute_rt.anyref
          %25 = core.unrealized_conversion_cast %24 : core.i32
          %26 = core.unrealized_conversion_cast %25 : tribute_rt.anyref
          %27 = adt.ref_null {type = !t0} : !t0
          %28 = adt.struct_get %4 {field = 0, type = !_closure} : core.i32
          %29 = adt.struct_get %4 {field = 1, type = !_closure} : tribute_rt.anyref
          %30 = func.call_indirect %28, %19, %29, %26 {func.indirect_call_signature = !t1} : tribute_rt.anyref
          scf.yield %30
      } {
          %31 = adt.variant_cast %20 {tag = @Escape, type = !__tribute_cps_control} : tribute_rt.anyref
          %32 = adt.variant_get %31 {field = 0, tag = @Escape, type = !__tribute_cps_control} : core.i32
          %33 = adt.variant_get %31 {field = 1, tag = @Escape, type = !__tribute_cps_control} : tribute_rt.anyref
          %34 = arith.cmpi %32, %18 {predicate = @eq} : core.i1
          %35 = scf.if %34 : tribute_rt.anyref {
              %36 = adt.ref_null {type = !t0} : !t0
              %37 = adt.struct_get %4 {field = 0, type = !_closure} : core.i32
              %38 = adt.struct_get %4 {field = 1, type = !_closure} : tribute_rt.anyref
              %39 = func.call_indirect %37, %36, %38, %33 {func.indirect_call_signature = !t1} : tribute_rt.anyref
              scf.yield %39
          } {
              scf.yield %20
          }
          scf.yield %35
      }
      %40 = core.unrealized_conversion_cast %22 : core.i32
      func.return %40
  }

  func.func @main() -> core.nil attributes {tribute.calling_convention = 0} {
      %0 = func.call {callee = @run_state, tribute.calling_convention = 0} : core.i32
      %1 = arith.const {value = unit} : core.nil
      func.return %1
  }

  func.func @"bump::__clam_0"(%0: !t0, %1: tribute_rt.anyref, %2: tribute_rt.anyref) -> tribute_rt.anyref {
      %3 = adt.ref_cast %1 {type = !"bump::__clam_0::env"} : !"bump::__clam_0::env"
      %4 = adt.struct_get %3 {field = 0, type = !"bump::__clam_0::env"} : tribute_rt.anyref
      %5 = core.unrealized_conversion_cast %2 : core.i32
      %6 = arith.const {value = 1} : core.i32
      %7 = arith.addi %5, %6 : core.i32
      %8 = adt.struct_new %5, %4 {type = !"bump::__clam_0::__clam_0::env"} : !"bump::__clam_0::__clam_0::env"
      %9 = func.constant {func_ref = @"bump::__clam_0::__clam_0"} : !t3
      %10 = adt.struct_new %9, %8 {type = !_closure} : !_closure
      %11 = core.unrealized_conversion_cast %7 : tribute_rt.anyref
      %12 = core.unrealized_conversion_cast %10 : tribute_rt.anyref
      %13 = effect.legacy_dispatch_cps %0, %12, %11 {ability_ref = core.ability_ref() {name = @State}, op_name = @set} : tribute_rt.anyref
      func.return %13
  }

  func.func @"run_state::__clam_0"(%0: !t0, %1: tribute_rt.anyref, %2: tribute_rt.anyref) -> tribute_rt.anyref {
      %3 = adt.ref_null {type = !t0} : !t0
      %4 = func.call %0, %2 {callee = @bump} : tribute_rt.anyref
      func.return %4
  }

  func.func @"run_state::__clam_1"(%0: !t0, %1: tribute_rt.anyref, %2: tribute_rt.anyref, %3: core.i32, %4: core.i32, %5: tribute_rt.anyref) -> tribute_rt.anyref {
      %6 = arith.const {value = 1972422014} : core.i32
      %7 = arith.cmpi %4, %6 {predicate = @eq} : core.i1
      %8 = scf.if %7 : tribute_rt.anyref {
          %9 = adt.struct_new %3 {type = !"run_state::__clam_1::__clam_0::env"} : !"run_state::__clam_1::__clam_0::env"
          %10 = func.constant {func_ref = @"run_state::__clam_1::__clam_0"} : !t3
          %11 = adt.struct_new %10, %9 {type = !_closure} : !_closure
          %12 = arith.const {value = 10} : core.i32
          %13 = core.unrealized_conversion_cast %2 : !t2
          %14 = core.unrealized_conversion_cast %12 : tribute_rt.anyref
          %15 = adt.struct_get %13 {field = 0, type = !_closure} : core.i32
          %16 = adt.struct_get %13 {field = 1, type = !_closure} : tribute_rt.anyref
          %17 = func.call_indirect %15, %0, %16, %14 {func.indirect_call_signature = !t1} : tribute_rt.anyref
          %18 = adt.variant_is %17 {tag = @Normal, type = !__tribute_cps_control} : core.i1
          %19 = scf.if %18 : tribute_rt.anyref {
              %20 = adt.variant_cast %17 {tag = @Normal, type = !__tribute_cps_control} : tribute_rt.anyref
              %21 = adt.variant_get %20 {field = 0, tag = @Normal, type = !__tribute_cps_control} : tribute_rt.anyref
              %22 = core.unrealized_conversion_cast %21 : core.i32
              %23 = core.unrealized_conversion_cast %22 : tribute_rt.anyref
              %24 = adt.struct_get %11 {field = 0, type = !_closure} : core.i32
              %25 = adt.struct_get %11 {field = 1, type = !_closure} : tribute_rt.anyref
              %26 = func.call_indirect %24, %0, %25, %23 {func.indirect_call_signature = !t1} : tribute_rt.anyref
              %27 = adt.variant_cast %26 {tag = @Escape, type = !__tribute_cps_control} : tribute_rt.anyref
              %28 = adt.variant_get %27 {field = 0, tag = @Escape, type = !__tribute_cps_control} : core.i32
              %29 = adt.variant_get %27 {field = 1, tag = @Escape, type = !__tribute_cps_control} : tribute_rt.anyref
              %30 = arith.cmpi %28, %3 {predicate = @eq} : core.i1
              %31 = scf.if %30 : tribute_rt.anyref {
                  %32 = adt.variant_new %29 {tag = @Normal, type = !__tribute_cps_control} : tribute_rt.anyref
                  scf.yield %32
              } {
                  scf.yield %26
              }
              scf.yield %31
          } {
              scf.yield %17
          }
          scf.yield %19
      } {
          %33 = arith.const {value = 1} : core.i1
          %34 = scf.if %33 : tribute_rt.anyref {
              %35 = adt.struct_new %3 {type = !"run_state::__clam_1::__clam_1::env"} : !"run_state::__clam_1::__clam_1::env"
              %36 = func.constant {func_ref = @"run_state::__clam_1::__clam_1"} : !t3
              %37 = adt.struct_new %36, %35 {type = !_closure} : !_closure
              %38 = arith.const {value = unit} : core.nil
              %39 = core.unrealized_conversion_cast %2 : !t2
              %40 = core.unrealized_conversion_cast %38 : tribute_rt.anyref
              %41 = adt.struct_get %39 {field = 0, type = !_closure} : core.i32
              %42 = adt.struct_get %39 {field = 1, type = !_closure} : tribute_rt.anyref
              %43 = func.call_indirect %41, %0, %42, %40 {func.indirect_call_signature = !t1} : tribute_rt.anyref
              %44 = adt.variant_is %43 {tag = @Normal, type = !__tribute_cps_control} : core.i1
              %45 = scf.if %44 : tribute_rt.anyref {
                  %46 = adt.variant_cast %43 {tag = @Normal, type = !__tribute_cps_control} : tribute_rt.anyref
                  %47 = adt.variant_get %46 {field = 0, tag = @Normal, type = !__tribute_cps_control} : tribute_rt.anyref
                  %48 = core.unrealized_conversion_cast %47 : core.i32
                  %49 = core.unrealized_conversion_cast %48 : tribute_rt.anyref
                  %50 = adt.struct_get %37 {field = 0, type = !_closure} : core.i32
                  %51 = adt.struct_get %37 {field = 1, type = !_closure} : tribute_rt.anyref
                  %52 = func.call_indirect %50, %0, %51, %49 {func.indirect_call_signature = !t1} : tribute_rt.anyref
                  %53 = adt.variant_cast %52 {tag = @Escape, type = !__tribute_cps_control} : tribute_rt.anyref
                  %54 = adt.variant_get %53 {field = 0, tag = @Escape, type = !__tribute_cps_control} : core.i32
                  %55 = adt.variant_get %53 {field = 1, tag = @Escape, type = !__tribute_cps_control} : tribute_rt.anyref
                  %56 = arith.cmpi %54, %3 {predicate = @eq} : core.i1
                  %57 = scf.if %56 : tribute_rt.anyref {
                      %58 = adt.variant_new %55 {tag = @Normal, type = !__tribute_cps_control} : tribute_rt.anyref
                      scf.yield %58
                  } {
                      scf.yield %52
                  }
                  scf.yield %57
              } {
                  scf.yield %43
              }
              scf.yield %45
          } {
              func.unreachable
          }
          scf.yield %34
      }
      func.return %8
  }

  func.func @"bump::__clam_0::__clam_0"(%0: !t0, %1: tribute_rt.anyref, %2: tribute_rt.anyref) -> tribute_rt.anyref {
      %3 = adt.ref_cast %1 {type = !"bump::__clam_0::__clam_0::env"} : !"bump::__clam_0::__clam_0::env"
      %4 = adt.struct_get %3 {field = 0, type = !"bump::__clam_0::__clam_0::env"} : core.i32
      %5 = adt.struct_get %3 {field = 1, type = !"bump::__clam_0::__clam_0::env"} : tribute_rt.anyref
      %6 = core.unrealized_conversion_cast %2 : core.nil
      %7 = core.unrealized_conversion_cast %5 : !t2
      %8 = core.unrealized_conversion_cast %4 : tribute_rt.anyref
      %9 = adt.struct_get %7 {field = 0, type = !_closure} : core.i32
      %10 = adt.struct_get %7 {field = 1, type = !_closure} : tribute_rt.anyref
      %11 = func.call_indirect %9, %0, %10, %8 {func.indirect_call_signature = !t1} : tribute_rt.anyref
      func.return %11
  }

  func.func @"run_state::__clam_1::__clam_0"(%0: !t0, %1: tribute_rt.anyref, %2: tribute_rt.anyref) -> tribute_rt.anyref {
      %3 = adt.ref_cast %1 {type = !"run_state::__clam_1::__clam_0::env"} : !"run_state::__clam_1::__clam_0::env"
      %4 = adt.struct_get %3 {field = 0, type = !"run_state::__clam_1::__clam_0::env"} : core.i32
      %5 = adt.variant_new %4, %2 {tag = @Escape, type = !__tribute_cps_control} : tribute_rt.anyref
      func.return %5
  }

  func.func @"run_state::__clam_1::__clam_1"(%0: !t0, %1: tribute_rt.anyref, %2: tribute_rt.anyref) -> tribute_rt.anyref {
      %3 = adt.ref_cast %1 {type = !"run_state::__clam_1::__clam_1::env"} : !"run_state::__clam_1::__clam_1::env"
      %4 = adt.struct_get %3 {field = 0, type = !"run_state::__clam_1::__clam_1::env"} : core.i32
      %5 = adt.variant_new %4, %2 {tag = @Escape, type = !__tribute_cps_control} : tribute_rt.anyref
      func.return %5
  }
}
