---
source: tests/active_pipeline_goldens.rs
expression: filter_ir_for_active_pipeline(&full_ir)
---
core.module @mixed_nested_native {
  !_closure = adt.struct(core.i32, tribute_rt.anyref) {name = @_closure}
  !t0 = core.array(adt.struct() {fields = [[@ability_id, core.i32], [@prompt_tag, core.i32], [@tr_dispatch_fn, core.ptr], [@handler_dispatch, core.ptr]], name = @_Marker})
  !__tribute_parent_ty6 = adt.typeref() {name = @__tribute_parent_ty6, tribute.cps_parent_result = core.i32}
  !t4 = core.func(core.nil, !t0, tribute_rt.anyref, !__tribute_parent_ty6, core.i32)
  !t5 = closure.closure(core.func(core.nil, core.i32)) {tribute.calling_convention = 2}
  !t7 = core.func(core.nil, !t0, tribute_rt.anyref, !__tribute_parent_ty6, tribute_rt.anyref)
  !t8 = core.func(core.nil, !t0, !__tribute_parent_ty6, tribute_rt.anyref)
  !t3 = closure.closure(!t8) {tribute.calling_convention = 2}
  !t6 = core.func(core.nil, !t0, tribute_rt.anyref, !t3, core.i32, core.i32, core.i32, tribute_rt.anyref)
  !t9 = core.func(core.nil, !t0, !t3, core.i32, core.i32, core.i32, tribute_rt.anyref)
  !t1 = closure.closure(!t9) {tribute.calling_convention = 2}
  !__tribute_parent_ty6_1 = adt.struct() {fields = [[@done, !t5], [@dispatch, !t1]], name = @__tribute_parent_ty6, tribute.cps_parent_result = core.i32}
  !t10 = core.func(core.nil, !t0, !__tribute_parent_ty6, core.i32)
  !t2 = closure.closure(!t10) {tribute.calling_convention = 2}
  !t11 = core.func(core.nil, tribute_rt.anyref, core.i32)
  !"run_state_with_console::__clam_2::__clam_1::env" = adt.struct() {fields = [[@_0, !t5], [@_1, !t1], [@_2, !t2], [@_3, !t0]], name = @"run_state_with_console::__clam_2::__clam_1::env"}
  !"run_state_with_console::__clam_3::__clam_1::env" = adt.struct() {fields = [[@_0, !t5], [@_1, !t1], [@_2, !t2], [@_3, !t0]], name = @"run_state_with_console::__clam_3::__clam_1::env"}
  !"run_state_with_console::__clam_1::env" = adt.struct() {fields = [[@_0, !t5], [@_1, !t1], [@_2, !t2], [@_3, !t0]], name = @"run_state_with_console::__clam_1::env"}
  !"run_state_with_console::__clam_9::env" = adt.struct() {fields = [[@_0, !t5], [@_1, !t1], [@_2, !t2], [@_3, !t0]], name = @"run_state_with_console::__clam_9::env"}
  !"run_all::__clam_1::env" = adt.struct() {fields = [[@_0, !t5], [@_1, !t1], [@_2, !t2], [@_3, !t0]], name = @"run_all::__clam_1::env"}
  !"run_all::__clam_9::env" = adt.struct() {fields = [[@_0, !t5], [@_1, !t1], [@_2, !t2], [@_3, !t0]], name = @"run_all::__clam_9::env"}
  !"__tribute_make_local_dispatch_18::__clam_0::__clam_0::__clam_0::__clam_0::env" = adt.struct() {fields = [[@_0, !t2], [@_1, !t0], [@_2, !__tribute_parent_ty6]], name = @"__tribute_make_local_dispatch_18::__clam_0::__clam_0::__clam_0::__clam_0::env"}
  !"__tribute_make_local_dispatch_18::__clam_0::__clam_1::__clam_0::__clam_0::env" = adt.struct() {fields = [[@_0, !t2], [@_1, !t0], [@_2, !__tribute_parent_ty6]], name = @"__tribute_make_local_dispatch_18::__clam_0::__clam_1::__clam_0::__clam_0::env"}
  !"__tribute_make_dispatch_adapter_15::__clam_0::__clam_0::__clam_0::env" = adt.struct() {fields = [[@_0, !t2], [@_1, !t0], [@_2, !__tribute_parent_ty6]], name = @"__tribute_make_dispatch_adapter_15::__clam_0::__clam_0::__clam_0::env"}
  !"__tribute_make_dispatch_adapter_16::__clam_0::__clam_0::__clam_0::env" = adt.struct() {fields = [[@_0, !t2], [@_1, !t0], [@_2, !__tribute_parent_ty6]], name = @"__tribute_make_dispatch_adapter_16::__clam_0::__clam_0::__clam_0::env"}
  !"__tribute_make_dispatch_adapter_17::__clam_0::__clam_0::__clam_0::env" = adt.struct() {fields = [[@_0, !t2], [@_1, !t0], [@_2, !__tribute_parent_ty6]], name = @"__tribute_make_dispatch_adapter_17::__clam_0::__clam_0::__clam_0::env"}
  !"__tribute_make_dispatch_adapter_19::__clam_0::__clam_0::__clam_0::env" = adt.struct() {fields = [[@_0, !t2], [@_1, !t0], [@_2, !__tribute_parent_ty6]], name = @"__tribute_make_dispatch_adapter_19::__clam_0::__clam_0::__clam_0::env"}
  !"__tribute_make_dispatch_adapter_20::__clam_0::__clam_0::__clam_0::env" = adt.struct() {fields = [[@_0, !t2], [@_1, !t0], [@_2, !__tribute_parent_ty6]], name = @"__tribute_make_dispatch_adapter_20::__clam_0::__clam_0::__clam_0::env"}
  !"__tribute_make_dispatch_adapter_21::__clam_0::__clam_0::__clam_0::env" = adt.struct() {fields = [[@_0, !t2], [@_1, !t0], [@_2, !__tribute_parent_ty6]], name = @"__tribute_make_dispatch_adapter_21::__clam_0::__clam_0::__clam_0::env"}
  !"__tribute_make_dispatch_adapter_23::__clam_0::__clam_0::__clam_0::env" = adt.struct() {fields = [[@_0, !t2], [@_1, !t0], [@_2, !__tribute_parent_ty6]], name = @"__tribute_make_dispatch_adapter_23::__clam_0::__clam_0::__clam_0::env"}
  !"__tribute_make_dispatch_adapter_24::__clam_0::__clam_0::__clam_0::env" = adt.struct() {fields = [[@_0, !t2], [@_1, !t0], [@_2, !__tribute_parent_ty6]], name = @"__tribute_make_dispatch_adapter_24::__clam_0::__clam_0::__clam_0::env"}
  !"run_state_with_console::__clam_7::env" = adt.struct() {fields = [[@_0, !t2], [@_1, !t0], [@_2, !__tribute_parent_ty6]], name = @"run_state_with_console::__clam_7::env"}
  !"run_all::__clam_7::env" = adt.struct() {fields = [[@_0, !t2], [@_1, !t0], [@_2, !__tribute_parent_ty6]], name = @"run_all::__clam_7::env"}
  !t12 = closure.closure(core.func(core.nil, !t0, !__tribute_parent_ty6, !t0, !t2)) {tribute.calling_convention = 2}
  !"__tribute_make_dispatch_adapter_15::__clam_0::__clam_0::env" = adt.struct() {fields = [[@_0, !t2], [@_1, !t3]], name = @"__tribute_make_dispatch_adapter_15::__clam_0::__clam_0::env"}
  !"__tribute_make_dispatch_adapter_16::__clam_0::__clam_0::env" = adt.struct() {fields = [[@_0, !t2], [@_1, !t3]], name = @"__tribute_make_dispatch_adapter_16::__clam_0::__clam_0::env"}
  !"__tribute_make_dispatch_adapter_17::__clam_0::__clam_0::env" = adt.struct() {fields = [[@_0, !t2], [@_1, !t3]], name = @"__tribute_make_dispatch_adapter_17::__clam_0::__clam_0::env"}
  !"__tribute_make_dispatch_adapter_19::__clam_0::__clam_0::env" = adt.struct() {fields = [[@_0, !t2], [@_1, !t3]], name = @"__tribute_make_dispatch_adapter_19::__clam_0::__clam_0::env"}
  !"__tribute_make_dispatch_adapter_20::__clam_0::__clam_0::env" = adt.struct() {fields = [[@_0, !t2], [@_1, !t3]], name = @"__tribute_make_dispatch_adapter_20::__clam_0::__clam_0::env"}
  !"__tribute_make_dispatch_adapter_21::__clam_0::__clam_0::env" = adt.struct() {fields = [[@_0, !t2], [@_1, !t3]], name = @"__tribute_make_dispatch_adapter_21::__clam_0::__clam_0::env"}
  !"__tribute_make_dispatch_adapter_23::__clam_0::__clam_0::env" = adt.struct() {fields = [[@_0, !t2], [@_1, !t3]], name = @"__tribute_make_dispatch_adapter_23::__clam_0::__clam_0::env"}
  !"__tribute_make_dispatch_adapter_24::__clam_0::__clam_0::env" = adt.struct() {fields = [[@_0, !t2], [@_1, !t3]], name = @"__tribute_make_dispatch_adapter_24::__clam_0::__clam_0::env"}
  !"__tribute_make_dispatch_adapter_15::__clam_0::env" = adt.struct() {fields = [[@_0, !t2], [@_1, !t1]], name = @"__tribute_make_dispatch_adapter_15::__clam_0::env"}
  !"__tribute_make_dispatch_adapter_16::__clam_0::env" = adt.struct() {fields = [[@_0, !t2], [@_1, !t1]], name = @"__tribute_make_dispatch_adapter_16::__clam_0::env"}
  !"__tribute_make_dispatch_adapter_17::__clam_0::env" = adt.struct() {fields = [[@_0, !t2], [@_1, !t1]], name = @"__tribute_make_dispatch_adapter_17::__clam_0::env"}
  !"__tribute_make_dispatch_adapter_19::__clam_0::env" = adt.struct() {fields = [[@_0, !t2], [@_1, !t1]], name = @"__tribute_make_dispatch_adapter_19::__clam_0::env"}
  !"__tribute_make_dispatch_adapter_20::__clam_0::env" = adt.struct() {fields = [[@_0, !t2], [@_1, !t1]], name = @"__tribute_make_dispatch_adapter_20::__clam_0::env"}
  !"__tribute_make_dispatch_adapter_21::__clam_0::env" = adt.struct() {fields = [[@_0, !t2], [@_1, !t1]], name = @"__tribute_make_dispatch_adapter_21::__clam_0::env"}
  !"__tribute_make_dispatch_adapter_23::__clam_0::env" = adt.struct() {fields = [[@_0, !t2], [@_1, !t1]], name = @"__tribute_make_dispatch_adapter_23::__clam_0::env"}
  !"__tribute_make_dispatch_adapter_24::__clam_0::env" = adt.struct() {fields = [[@_0, !t2], [@_1, !t1]], name = @"__tribute_make_dispatch_adapter_24::__clam_0::env"}
  !"__tribute_make_local_dispatch_22::__clam_0::env" = adt.struct() {fields = [[@_0, core.i32], [@_1, !t1]], name = @"__tribute_make_local_dispatch_22::__clam_0::env"}
  !"step::__clam_0::__clam_0::env" = adt.struct() {fields = [[@_0, core.i32], [@_1, core.i32]], name = @"step::__clam_0::__clam_0::env"}
  !"run_all::__clam_4::env" = adt.struct() {fields = [[@_0, closure.closure(core.func(core.i32, !t0)) {tribute.calling_convention = 1}], [@_1, closure.closure(core.func(core.nil, !t0, core.i32)) {tribute.calling_convention = 1}]], name = @"run_all::__clam_4::env"}
  !__tribute_root_completion_cell = adt.struct(core.nil) {fields = [[@value, core.nil]], name = @__tribute_root_completion_cell}
  !__tribute_one_shot_state_13 = adt.struct() {fields = [[@consumed, core.i1]], name = @__tribute_one_shot_state_13}
  !__tribute_one_shot_state_14 = adt.struct() {fields = [[@consumed, core.i1]], name = @__tribute_one_shot_state_14}
  !"step::__clam_1::env" = adt.struct() {fields = [[@_0, !__tribute_one_shot_state_14], [@_1, !t2]], name = @"step::__clam_1::env"}
  !"step::__clam_0::env" = adt.struct() {fields = [[@_0, core.i32]], name = @"step::__clam_0::env"}
  !__tribute_parent_ty57 = adt.typeref() {name = @__tribute_parent_ty57, tribute.cps_parent_result = core.nil}
  !t14 = closure.closure(core.func(core.nil, !t0, closure.closure(core.func(core.nil, !t0, !__tribute_parent_ty57, tribute_rt.anyref)) {tribute.calling_convention = 2}, core.i32, core.i32, core.i32, tribute_rt.anyref)) {tribute.calling_convention = 2}
  !t15 = closure.closure(core.func(core.nil, !t0, !__tribute_parent_ty57, core.i32)) {tribute.calling_convention = 2}
  !"__tribute_make_dispatch_adapter_25::__clam_0::__clam_0::__clam_0::env" = adt.struct() {fields = [[@_0, !t15], [@_1, !t0], [@_2, !__tribute_parent_ty57]], name = @"__tribute_make_dispatch_adapter_25::__clam_0::__clam_0::__clam_0::env"}
  !"__tribute_make_dispatch_adapter_25::__clam_0::__clam_0::env" = adt.struct() {fields = [[@_0, !t15], [@_1, !t3]], name = @"__tribute_make_dispatch_adapter_25::__clam_0::__clam_0::env"}
  !"__tribute_make_dispatch_adapter_25::__clam_0::env" = adt.struct() {fields = [[@_0, !t15], [@_1, !t14]], name = @"__tribute_make_dispatch_adapter_25::__clam_0::env"}
  !t16 = closure.closure(core.func(core.nil)) {tribute.calling_convention = 2}
  !"main::__clam_1::env" = adt.struct() {fields = [[@_0, !t16], [@_1, !t14], [@_2, !t15], [@_3, !t0]], name = @"main::__clam_1::env"}
  !__tribute_parent_ty57_1 = adt.struct() {fields = [[@done, !t16], [@dispatch, !t14]], name = @__tribute_parent_ty57, tribute.cps_parent_result = core.nil}
  !__tribute_ability_payload_50641714 = adt.struct() {fields = [[@arg0, core.i32]], name = @__tribute_ability_payload_50641714}
  !__tribute_ability_payload_7dc9fb1b = adt.struct() {fields = [[@arg0, core.i32]], name = @__tribute_ability_payload_7dc9fb1b}
  !t18 = core.func(core.nil, !t0, tribute_rt.anyref, !__tribute_parent_ty57, core.i32)
  !t19 = core.func(core.nil, !t0, !__tribute_parent_ty6, core.i32, tribute_rt.anyref)
  !t20 = core.func(core.nil, !t0, tribute_rt.anyref, !__tribute_parent_ty6)
  !t21 = core.func(core.nil, !t0, !__tribute_parent_ty6)
  !t17 = closure.closure(!t21) {tribute.calling_convention = 2}
  !t13 = closure.closure(core.func(core.nil, !t0, !__tribute_parent_ty6, !t0, core.i32, !t17)) {tribute.calling_convention = 2}
  !"__tribute_make_local_dispatch_18::__clam_0::env" = adt.struct() {fields = [[@_0, core.i32], [@_1, !t2], [@_2, !t0], [@_3, !t12], [@_4, !t13], [@_5, !__tribute_parent_ty6], [@_6, !t1]], name = @"__tribute_make_local_dispatch_18::__clam_0::env"}
  !"__tribute_make_local_dispatch_18::__clam_0::__clam_0::__clam_0::env" = adt.struct() {fields = [[@_0, !t2], [@_1, !t0], [@_2, core.i32], [@_3, !t12], [@_4, !t13], [@_5, !t3]], name = @"__tribute_make_local_dispatch_18::__clam_0::__clam_0::__clam_0::env"}
  !"__tribute_make_local_dispatch_18::__clam_0::__clam_1::__clam_0::env" = adt.struct() {fields = [[@_0, !t2], [@_1, !t0], [@_2, core.i32], [@_3, !t12], [@_4, !t13], [@_5, !t3]], name = @"__tribute_make_local_dispatch_18::__clam_0::__clam_1::__clam_0::env"}
  !"__tribute_make_local_dispatch_18::__clam_0::__clam_0::env" = adt.struct() {fields = [[@_0, !t2], [@_1, !t0], [@_2, core.i32], [@_3, !t12], [@_4, !t13], [@_5, !t3]], name = @"__tribute_make_local_dispatch_18::__clam_0::__clam_0::env"}
  !"__tribute_make_local_dispatch_18::__clam_0::__clam_1::env" = adt.struct() {fields = [[@_0, !t2], [@_1, !t0], [@_2, core.i32], [@_3, !t12], [@_4, !t13], [@_5, !t3]], name = @"__tribute_make_local_dispatch_18::__clam_0::__clam_1::env"}
  !"step::__clam_0::__clam_1::env" = adt.struct() {fields = [[@_0, !__tribute_one_shot_state_13], [@_1, !t17]], name = @"step::__clam_0::__clam_1::env"}
  !t22 = core.func(tribute_rt.anyref, !t0, core.i32, tribute_rt.anyref)
  !__tribute_ability_payload_7590c57e = adt.struct() {fields = [], name = @__tribute_ability_payload_7590c57e}
  !__tribute_ability_payload_2796d93e = adt.struct() {fields = [], name = @__tribute_ability_payload_2796d93e}
  func.func @__tribute_evidence_lookup_handler(%0: core.ptr, %1: core.i32) -> core.ptr attributes {abi = "C"} {
      func.unreachable
  }
  func.func @__tribute_evidence_lookup_tr(%0: core.ptr, %1: core.i32) -> core.ptr attributes {abi = "C"} {
      func.unreachable
  }
  func.func @__tribute_evidence_empty() -> core.ptr attributes {abi = "C"} {
      func.unreachable
  }
  func.func @__tribute_next_tag() -> core.i32 attributes {abi = "C"} {
      func.unreachable
  }
  func.func @__tribute_evidence_extend(%0: core.ptr, %1: core.i32, %2: core.i32, %3: core.ptr, %4: core.ptr) -> core.ptr attributes {abi = "C"} {
      func.unreachable
  }
  func.func @__tribute_evidence_lookup(%0: core.ptr, %1: core.i32) -> core.i32 attributes {abi = "C"} {
      func.unreachable
  }
  func.func @step(%0: !t0, %1: !t5, %2: !t1) -> core.nil attributes {tribute.calling_convention = 2} {
      %3 = adt.struct_new {type = !__tribute_ability_payload_2796d93e} : !__tribute_ability_payload_2796d93e
      %4 = arith.const {value = 1361557906} : core.i32
      %5 = func.call %0, %4 {callee = @__tribute_evidence_lookup_tr} : core.ptr
      %6 = arith.const {value = 664197438} : core.i32
      %7 = adt.struct_get %5 {field = 0, type = !_closure} : core.i32
      %8 = adt.struct_get %5 {field = 1, type = !_closure} : tribute_rt.anyref
      %9 = func.call_indirect %7, %0, %8, %6, %3 : tribute_rt.anyref
      %10 = tribute_rt.unbox_int %9 : core.i32
      %11 = adt.struct_new %10 {type = !"step::__clam_0::env"} : !"step::__clam_0::env"
      %12 = func.constant {func_ref = @"step::__clam_0"} : !t10
      %13 = adt.struct_new %12, %11 {type = !_closure} : !_closure
      %14 = arith.const {value = 0} : core.i1
      %15 = adt.struct_new %14 {type = !__tribute_one_shot_state_14} : !__tribute_one_shot_state_14
      %16 = adt.struct_new %15, %13 {type = !"step::__clam_1::env"} : !"step::__clam_1::env"
      %17 = func.constant {func_ref = @"step::__clam_1"} : !t8
      %18 = adt.struct_new %17, %16 {type = !_closure} : !_closure
      %19 = adt.struct_new {type = !__tribute_ability_payload_7590c57e} : !__tribute_ability_payload_7590c57e
      %20 = arith.const {value = 2726052536} : core.i32
      %21 = func.call %0, %20 {callee = @__tribute_evidence_lookup} : core.i32
      %22 = arith.const {value = 1972422014} : core.i32
      %23 = adt.struct_get %2 {field = 0, type = !_closure} : core.i32
      %24 = adt.struct_get %2 {field = 1, type = !_closure} : tribute_rt.anyref
      func.tail_call_indirect %23, %0, %24, %18, %21, %20, %22, %19 {tribute.calling_convention = 2}
  }
  func.func @run_state_with_console(%0: !t0, %1: !t5, %2: !t1) -> core.nil attributes {tribute.calling_convention = 2} {
      %3 = adt.ref_null {type = tribute_rt.anyref} : tribute_rt.anyref
      %4 = func.constant {func_ref = @"run_state_with_console::__clam_0"} : !t10
      %5 = adt.struct_new %4, %3 {type = !_closure} : !_closure
      %6 = adt.struct_new %1, %2, %5, %0 {type = !"run_state_with_console::__clam_1::env"} : !"run_state_with_console::__clam_1::env"
      %7 = func.constant {func_ref = @"run_state_with_console::__clam_1"} : core.func(core.nil, core.i32)
      %8 = adt.struct_new %7, %6 {type = !_closure} : !_closure
      %9 = func.call %5, %2 {callee = @__tribute_make_dispatch_adapter_15, tribute.calling_convention = 0} : !t1
      %10 = adt.ref_null {type = tribute_rt.anyref} : tribute_rt.anyref
      %11 = func.constant {func_ref = @"run_state_with_console::__clam_2"} : core.func(core.nil, !t0, !__tribute_parent_ty6, !t0, !t2)
      %12 = adt.struct_new %11, %10 {type = !_closure} : !_closure
      %13 = adt.ref_null {type = tribute_rt.anyref} : tribute_rt.anyref
      %14 = func.constant {func_ref = @"run_state_with_console::__clam_3"} : core.func(core.nil, !t0, !__tribute_parent_ty6, !t0, core.i32, !t17)
      %15 = adt.struct_new %14, %13 {type = !_closure} : !_closure
      %16 = adt.ref_null {type = tribute_rt.anyref} : tribute_rt.anyref
      %17 = func.constant {func_ref = @"run_state_with_console::__clam_4"} : !t22
      %18 = adt.struct_new %17, %16 {type = !_closure} : !_closure
      %19 = adt.ref_null {type = tribute_rt.anyref} : tribute_rt.anyref
      %20 = func.constant {func_ref = @"run_state_with_console::__clam_5"} : !t19
      %21 = adt.struct_new %20, %19 {type = !_closure} : !_closure
      %22 = func.call {callee = @__tribute_next_tag} : core.i32
      %23 = arith.const {value = 2726052536} : core.i32
      %24 = core.unrealized_conversion_cast %18 : core.ptr
      %25 = core.unrealized_conversion_cast %21 : core.ptr
      %26 = func.call %0, %23, %22, %24, %25 {callee = @__tribute_evidence_extend} : core.ptr
      %27 = adt.ref_null {type = tribute_rt.anyref} : tribute_rt.anyref
      %28 = func.constant {func_ref = @"run_state_with_console::__clam_6"} : !t10
      %29 = adt.struct_new %28, %27 {type = !_closure} : !_closure
      %30 = adt.struct_new %8, %9 {type = !__tribute_parent_ty6_1} : !__tribute_parent_ty6
      %31 = adt.struct_new %29, %26, %30 {type = !"run_state_with_console::__clam_7::env"} : !"run_state_with_console::__clam_7::env"
      %32 = func.constant {func_ref = @"run_state_with_console::__clam_7"} : core.func(core.nil, core.i32)
      %33 = adt.struct_new %32, %31 {type = !_closure} : !_closure
      %34 = func.call %30, %0, %22, %29, %12, %15 {callee = @__tribute_make_local_dispatch_18, tribute.calling_convention = 0} : !t1
      %35 = adt.ref_null {type = tribute_rt.anyref} : tribute_rt.anyref
      %36 = func.constant {func_ref = @"run_state_with_console::__clam_8"} : !t10
      %37 = adt.struct_new %36, %35 {type = !_closure} : !_closure
      %38 = adt.struct_new %33, %34, %37, %26 {type = !"run_state_with_console::__clam_9::env"} : !"run_state_with_console::__clam_9::env"
      %39 = func.constant {func_ref = @"run_state_with_console::__clam_9"} : core.func(core.nil, core.i32)
      %40 = adt.struct_new %39, %38 {type = !_closure} : !_closure
      %41 = func.call %37, %34 {callee = @__tribute_make_dispatch_adapter_20, tribute.calling_convention = 0} : !t1
      func.tail_call %26, %40, %41 {callee = @step, tribute.calling_convention = 2}
  }
  func.func @run_all(%0: !t0, %1: !t5, %2: !t1) -> core.nil attributes {tribute.calling_convention = 2} {
      %3 = adt.ref_null {type = tribute_rt.anyref} : tribute_rt.anyref
      %4 = func.constant {func_ref = @"run_all::__clam_0"} : !t10
      %5 = adt.struct_new %4, %3 {type = !_closure} : !_closure
      %6 = adt.struct_new %1, %2, %5, %0 {type = !"run_all::__clam_1::env"} : !"run_all::__clam_1::env"
      %7 = func.constant {func_ref = @"run_all::__clam_1"} : core.func(core.nil, core.i32)
      %8 = adt.struct_new %7, %6 {type = !_closure} : !_closure
      %9 = func.call %5, %2 {callee = @__tribute_make_dispatch_adapter_21, tribute.calling_convention = 0} : !t1
      %10 = adt.ref_null {type = tribute_rt.anyref} : tribute_rt.anyref
      %11 = func.constant {func_ref = @"run_all::__clam_2"} : core.func(core.i32, !t0)
      %12 = adt.struct_new %11, %10 {type = !_closure} : !_closure
      %13 = adt.ref_null {type = tribute_rt.anyref} : tribute_rt.anyref
      %14 = func.constant {func_ref = @"run_all::__clam_3"} : core.func(core.nil, !t0, core.i32)
      %15 = adt.struct_new %14, %13 {type = !_closure} : !_closure
      %16 = adt.struct_new %12, %15 {type = !"run_all::__clam_4::env"} : !"run_all::__clam_4::env"
      %17 = func.constant {func_ref = @"run_all::__clam_4"} : !t22
      %18 = adt.struct_new %17, %16 {type = !_closure} : !_closure
      %19 = adt.ref_null {type = tribute_rt.anyref} : tribute_rt.anyref
      %20 = func.constant {func_ref = @"run_all::__clam_5"} : !t19
      %21 = adt.struct_new %20, %19 {type = !_closure} : !_closure
      %22 = func.call {callee = @__tribute_next_tag} : core.i32
      %23 = arith.const {value = 1361557906} : core.i32
      %24 = core.unrealized_conversion_cast %18 : core.ptr
      %25 = core.unrealized_conversion_cast %21 : core.ptr
      %26 = func.call %0, %23, %22, %24, %25 {callee = @__tribute_evidence_extend} : core.ptr
      %27 = adt.ref_null {type = tribute_rt.anyref} : tribute_rt.anyref
      %28 = func.constant {func_ref = @"run_all::__clam_6"} : !t10
      %29 = adt.struct_new %28, %27 {type = !_closure} : !_closure
      %30 = adt.struct_new %8, %9 {type = !__tribute_parent_ty6_1} : !__tribute_parent_ty6
      %31 = adt.struct_new %29, %26, %30 {type = !"run_all::__clam_7::env"} : !"run_all::__clam_7::env"
      %32 = func.constant {func_ref = @"run_all::__clam_7"} : core.func(core.nil, core.i32)
      %33 = adt.struct_new %32, %31 {type = !_closure} : !_closure
      %34 = adt.struct_get %30 {field = 1, type = !__tribute_parent_ty6_1} : !t1
      %35 = func.call %29, %34 {callee = @__tribute_make_dispatch_adapter_23, tribute.calling_convention = 0} : !t1
      %36 = adt.struct_new %22, %35 {type = !"__tribute_make_local_dispatch_22::__clam_0::env"} : !"__tribute_make_local_dispatch_22::__clam_0::env"
      %37 = func.constant {func_ref = @"__tribute_make_local_dispatch_22::__clam_0"} : !t9
      %38 = adt.struct_new %37, %36 {type = !_closure} : !_closure
      %39 = adt.ref_null {type = tribute_rt.anyref} : tribute_rt.anyref
      %40 = func.constant {func_ref = @"run_all::__clam_8"} : !t10
      %41 = adt.struct_new %40, %39 {type = !_closure} : !_closure
      %42 = adt.struct_new %33, %38, %41, %26 {type = !"run_all::__clam_9::env"} : !"run_all::__clam_9::env"
      %43 = func.constant {func_ref = @"run_all::__clam_9"} : core.func(core.nil, core.i32)
      %44 = adt.struct_new %43, %42 {type = !_closure} : !_closure
      %45 = func.call %41, %38 {callee = @__tribute_make_dispatch_adapter_24, tribute.calling_convention = 0} : !t1
      func.tail_call %26, %44, %45 {callee = @run_state_with_console, tribute.calling_convention = 2}
  }
  func.func @"step::__clam_0"(%0: !t0, %1: tribute_rt.anyref, %2: !__tribute_parent_ty6, %3: core.i32) -> core.nil attributes {tribute.calling_convention = 2} {
      %4 = adt.ref_cast %1 {type = !"step::__clam_0::env"} : !"step::__clam_0::env"
      %5 = adt.struct_get %4 {field = 0, type = !"step::__clam_0::env"} : core.i32
      %6 = adt.struct_get %2 {field = 1, type = !__tribute_parent_ty6_1} : !t1
      %7 = arith.addi %3, %5 : core.i32
      %8 = adt.struct_new %3, %5 {type = !"step::__clam_0::__clam_0::env"} : !"step::__clam_0::__clam_0::env"
      %9 = func.constant {func_ref = @"step::__clam_0::__clam_0"} : !t21
      %10 = adt.struct_new %9, %8 {type = !_closure} : !_closure
      %11 = arith.const {value = 0} : core.i1
      %12 = adt.struct_new %11 {type = !__tribute_one_shot_state_13} : !__tribute_one_shot_state_13
      %13 = adt.struct_new %12, %10 {type = !"step::__clam_0::__clam_1::env"} : !"step::__clam_0::__clam_1::env"
      %14 = func.constant {func_ref = @"step::__clam_0::__clam_1"} : !t8
      %15 = adt.struct_new %14, %13 {type = !_closure} : !_closure
      %16 = adt.struct_new %7 {type = !__tribute_ability_payload_50641714} : !__tribute_ability_payload_50641714
      %17 = arith.const {value = 2726052536} : core.i32
      %18 = func.call %0, %17 {callee = @__tribute_evidence_lookup} : core.i32
      %19 = arith.const {value = 1348736788} : core.i32
      %20 = adt.struct_get %6 {field = 0, type = !_closure} : core.i32
      %21 = adt.struct_get %6 {field = 1, type = !_closure} : tribute_rt.anyref
      func.tail_call_indirect %20, %0, %21, %15, %18, %17, %19, %16 {tribute.calling_convention = 2}
  }
  func.func @"step::__clam_1"(%0: !t0, %1: tribute_rt.anyref, %2: !__tribute_parent_ty6, %3: tribute_rt.anyref) -> core.nil attributes {tribute.calling_convention = 2} {
      %4 = adt.ref_cast %1 {type = !"step::__clam_1::env"} : !"step::__clam_1::env"
      %5 = adt.struct_get %4 {field = 0, type = !"step::__clam_1::env"} : !__tribute_one_shot_state_14
      %6 = adt.struct_get %4 {field = 1, type = !"step::__clam_1::env"} : !t2
      %7 = tribute_rt.unbox_int %3 : core.i32
      %8 = adt.struct_get %5 {field = 0, type = !__tribute_one_shot_state_14} : core.i1
      %9 = scf.if %8 : core.nil {
          func.unreachable
      } {
          %10 = arith.const {value = 1} : core.i1
          adt.struct_set %5, %10 {field = 0, type = !__tribute_one_shot_state_14}
          %11 = adt.struct_get %6 {field = 0, type = !_closure} : core.i32
          %12 = adt.struct_get %6 {field = 1, type = !_closure} : tribute_rt.anyref
          func.tail_call_indirect %11, %0, %12, %2, %7 {func.indirect_call_signature = !t4, tribute.calling_convention = 2}
      }
  }
  func.func @"run_state_with_console::__clam_0"(%0: !t0, %1: tribute_rt.anyref, %2: !__tribute_parent_ty6, %3: core.i32) -> core.nil attributes {tribute.calling_convention = 2} {
      %4 = adt.struct_get %2 {field = 0, type = !__tribute_parent_ty6_1} : !t5
      %5 = adt.struct_get %4 {field = 0, type = !_closure} : core.i32
      %6 = adt.struct_get %4 {field = 1, type = !_closure} : tribute_rt.anyref
      func.tail_call_indirect %5, %6, %3 {func.indirect_call_signature = !t11, tribute.calling_convention = 2}
  }
  func.func @"run_state_with_console::__clam_1"(%0: tribute_rt.anyref, %1: core.i32) -> core.nil attributes {tribute.calling_convention = 2} {
      %2 = adt.ref_cast %0 {type = !"run_state_with_console::__clam_1::env"} : !"run_state_with_console::__clam_1::env"
      %3 = adt.struct_get %2 {field = 0, type = !"run_state_with_console::__clam_1::env"} : !t5
      %4 = adt.struct_get %2 {field = 1, type = !"run_state_with_console::__clam_1::env"} : !t1
      %5 = adt.struct_get %2 {field = 2, type = !"run_state_with_console::__clam_1::env"} : !t2
      %6 = adt.struct_get %2 {field = 3, type = !"run_state_with_console::__clam_1::env"} : !t0
      %7 = adt.struct_new %3, %4 {type = !__tribute_parent_ty6_1} : !__tribute_parent_ty6
      %8 = adt.struct_get %5 {field = 0, type = !_closure} : core.i32
      %9 = adt.struct_get %5 {field = 1, type = !_closure} : tribute_rt.anyref
      func.tail_call_indirect %8, %6, %9, %7, %1 {func.indirect_call_signature = !t4, tribute.calling_convention = 2}
  }
  func.func @"run_state_with_console::__clam_2"(%0: !t0, %1: tribute_rt.anyref, %2: !__tribute_parent_ty6, %3: !t0, %4: !t2) -> core.nil attributes {tribute.calling_convention = 2} {
      %5 = adt.struct_get %2 {field = 0, type = !__tribute_parent_ty6_1} : !t5
      %6 = adt.struct_get %2 {field = 1, type = !__tribute_parent_ty6_1} : !t1
      %7 = arith.const {value = 7} : core.i32
      %8 = adt.ref_null {type = tribute_rt.anyref} : tribute_rt.anyref
      %9 = func.constant {func_ref = @"run_state_with_console::__clam_2::__clam_0"} : !t10
      %10 = adt.struct_new %9, %8 {type = !_closure} : !_closure
      %11 = adt.struct_new %5, %6, %10, %3 {type = !"run_state_with_console::__clam_2::__clam_1::env"} : !"run_state_with_console::__clam_2::__clam_1::env"
      %12 = func.constant {func_ref = @"run_state_with_console::__clam_2::__clam_1"} : core.func(core.nil, core.i32)
      %13 = adt.struct_new %12, %11 {type = !_closure} : !_closure
      %14 = func.call %10, %6 {callee = @__tribute_make_dispatch_adapter_16, tribute.calling_convention = 0} : !t1
      %15 = adt.struct_new %13, %14 {type = !__tribute_parent_ty6_1} : !__tribute_parent_ty6
      %16 = adt.struct_get %4 {field = 0, type = !_closure} : core.i32
      %17 = adt.struct_get %4 {field = 1, type = !_closure} : tribute_rt.anyref
      func.tail_call_indirect %16, %3, %17, %15, %7 {func.indirect_call_signature = !t4, tribute.calling_convention = 2}
  }
  func.func @"run_state_with_console::__clam_3"(%0: !t0, %1: tribute_rt.anyref, %2: !__tribute_parent_ty6, %3: !t0, %4: core.i32, %5: !t17) -> core.nil attributes {tribute.calling_convention = 2} {
      %6 = adt.struct_get %2 {field = 0, type = !__tribute_parent_ty6_1} : !t5
      %7 = adt.struct_get %2 {field = 1, type = !__tribute_parent_ty6_1} : !t1
      %8 = adt.ref_null {type = tribute_rt.anyref} : tribute_rt.anyref
      %9 = func.constant {func_ref = @"run_state_with_console::__clam_3::__clam_0"} : !t10
      %10 = adt.struct_new %9, %8 {type = !_closure} : !_closure
      %11 = adt.struct_new %6, %7, %10, %3 {type = !"run_state_with_console::__clam_3::__clam_1::env"} : !"run_state_with_console::__clam_3::__clam_1::env"
      %12 = func.constant {func_ref = @"run_state_with_console::__clam_3::__clam_1"} : core.func(core.nil, core.i32)
      %13 = adt.struct_new %12, %11 {type = !_closure} : !_closure
      %14 = func.call %10, %7 {callee = @__tribute_make_dispatch_adapter_17, tribute.calling_convention = 0} : !t1
      %15 = adt.struct_new %13, %14 {type = !__tribute_parent_ty6_1} : !__tribute_parent_ty6
      %16 = adt.struct_get %5 {field = 0, type = !_closure} : core.i32
      %17 = adt.struct_get %5 {field = 1, type = !_closure} : tribute_rt.anyref
      func.tail_call_indirect %16, %3, %17, %15 {func.indirect_call_signature = !t20, tribute.calling_convention = 2}
  }
  func.func @"run_state_with_console::__clam_4"(%0: !t0, %1: tribute_rt.anyref, %2: core.i32, %3: tribute_rt.anyref) -> tribute_rt.anyref attributes {tribute.calling_convention = 1} {
      scf.switch %2 {
          scf.default {
              func.unreachable
          }
      }
  }
  func.func @"run_state_with_console::__clam_5"(%0: !t0, %1: tribute_rt.anyref, %2: !__tribute_parent_ty6, %3: core.i32, %4: tribute_rt.anyref) -> core.nil attributes {tribute.calling_convention = 2} {
      func.unreachable
  }
  func.func @"run_state_with_console::__clam_6"(%0: !t0, %1: tribute_rt.anyref, %2: !__tribute_parent_ty6, %3: core.i32) -> core.nil attributes {tribute.calling_convention = 2} {
      %4 = adt.struct_get %2 {field = 0, type = !__tribute_parent_ty6_1} : !t5
      %5 = adt.struct_get %4 {field = 0, type = !_closure} : core.i32
      %6 = adt.struct_get %4 {field = 1, type = !_closure} : tribute_rt.anyref
      func.tail_call_indirect %5, %6, %3 {func.indirect_call_signature = !t11, tribute.calling_convention = 2}
  }
  func.func @"run_state_with_console::__clam_7"(%0: tribute_rt.anyref, %1: core.i32) -> core.nil attributes {tribute.calling_convention = 2} {
      %2 = adt.ref_cast %0 {type = !"run_state_with_console::__clam_7::env"} : !"run_state_with_console::__clam_7::env"
      %3 = adt.struct_get %2 {field = 0, type = !"run_state_with_console::__clam_7::env"} : !t2
      %4 = adt.struct_get %2 {field = 1, type = !"run_state_with_console::__clam_7::env"} : !t0
      %5 = adt.struct_get %2 {field = 2, type = !"run_state_with_console::__clam_7::env"} : !__tribute_parent_ty6
      %6 = adt.struct_get %3 {field = 0, type = !_closure} : core.i32
      %7 = adt.struct_get %3 {field = 1, type = !_closure} : tribute_rt.anyref
      func.tail_call_indirect %6, %4, %7, %5, %1 {func.indirect_call_signature = !t4, tribute.calling_convention = 2}
  }
  func.func @"run_state_with_console::__clam_8"(%0: !t0, %1: tribute_rt.anyref, %2: !__tribute_parent_ty6, %3: core.i32) -> core.nil attributes {tribute.calling_convention = 2} {
      %4 = adt.struct_get %2 {field = 0, type = !__tribute_parent_ty6_1} : !t5
      %5 = adt.struct_get %4 {field = 0, type = !_closure} : core.i32
      %6 = adt.struct_get %4 {field = 1, type = !_closure} : tribute_rt.anyref
      func.tail_call_indirect %5, %6, %3 {func.indirect_call_signature = !t11, tribute.calling_convention = 2}
  }
  func.func @"run_state_with_console::__clam_9"(%0: tribute_rt.anyref, %1: core.i32) -> core.nil attributes {tribute.calling_convention = 2} {
      %2 = adt.ref_cast %0 {type = !"run_state_with_console::__clam_9::env"} : !"run_state_with_console::__clam_9::env"
      %3 = adt.struct_get %2 {field = 0, type = !"run_state_with_console::__clam_9::env"} : !t5
      %4 = adt.struct_get %2 {field = 1, type = !"run_state_with_console::__clam_9::env"} : !t1
      %5 = adt.struct_get %2 {field = 2, type = !"run_state_with_console::__clam_9::env"} : !t2
      %6 = adt.struct_get %2 {field = 3, type = !"run_state_with_console::__clam_9::env"} : !t0
      %7 = adt.struct_new %3, %4 {type = !__tribute_parent_ty6_1} : !__tribute_parent_ty6
      %8 = adt.struct_get %5 {field = 0, type = !_closure} : core.i32
      %9 = adt.struct_get %5 {field = 1, type = !_closure} : tribute_rt.anyref
      func.tail_call_indirect %8, %6, %9, %7, %1 {func.indirect_call_signature = !t4, tribute.calling_convention = 2}
  }
  func.func @"run_all::__clam_0"(%0: !t0, %1: tribute_rt.anyref, %2: !__tribute_parent_ty6, %3: core.i32) -> core.nil attributes {tribute.calling_convention = 2} {
      %4 = adt.struct_get %2 {field = 0, type = !__tribute_parent_ty6_1} : !t5
      %5 = adt.struct_get %4 {field = 0, type = !_closure} : core.i32
      %6 = adt.struct_get %4 {field = 1, type = !_closure} : tribute_rt.anyref
      func.tail_call_indirect %5, %6, %3 {func.indirect_call_signature = !t11, tribute.calling_convention = 2}
  }
  func.func @"run_all::__clam_1"(%0: tribute_rt.anyref, %1: core.i32) -> core.nil attributes {tribute.calling_convention = 2} {
      %2 = adt.ref_cast %0 {type = !"run_all::__clam_1::env"} : !"run_all::__clam_1::env"
      %3 = adt.struct_get %2 {field = 0, type = !"run_all::__clam_1::env"} : !t5
      %4 = adt.struct_get %2 {field = 1, type = !"run_all::__clam_1::env"} : !t1
      %5 = adt.struct_get %2 {field = 2, type = !"run_all::__clam_1::env"} : !t2
      %6 = adt.struct_get %2 {field = 3, type = !"run_all::__clam_1::env"} : !t0
      %7 = adt.struct_new %3, %4 {type = !__tribute_parent_ty6_1} : !__tribute_parent_ty6
      %8 = adt.struct_get %5 {field = 0, type = !_closure} : core.i32
      %9 = adt.struct_get %5 {field = 1, type = !_closure} : tribute_rt.anyref
      func.tail_call_indirect %8, %6, %9, %7, %1 {func.indirect_call_signature = !t4, tribute.calling_convention = 2}
  }
  func.func @"run_all::__clam_2"(%0: !t0, %1: tribute_rt.anyref) -> core.i32 attributes {tribute.calling_convention = 1} {
      %2 = arith.const {value = 3} : core.i32
      func.return %2
  }
  func.func @"run_all::__clam_3"(%0: !t0, %1: tribute_rt.anyref, %2: core.i32) -> core.nil attributes {tribute.calling_convention = 1} {
      func.return
  }
  func.func @"run_all::__clam_4"(%0: !t0, %1: tribute_rt.anyref, %2: core.i32, %3: tribute_rt.anyref) -> tribute_rt.anyref attributes {tribute.calling_convention = 1} {
      %4 = adt.ref_cast %1 {type = !"run_all::__clam_4::env"} : !"run_all::__clam_4::env"
      %5 = adt.struct_get %4 {field = 0, type = !"run_all::__clam_4::env"} : closure.closure(core.func(core.i32, !t0)) {tribute.calling_convention = 1}
      %6 = adt.struct_get %4 {field = 1, type = !"run_all::__clam_4::env"} : closure.closure(core.func(core.nil, !t0, core.i32)) {tribute.calling_convention = 1}
      scf.switch %2 {
          scf.case {value = 664197438} {
              %7 = adt.struct_get %5 {field = 0, type = !_closure} : core.i32
              %8 = adt.struct_get %5 {field = 1, type = !_closure} : tribute_rt.anyref
              %9 = func.call_indirect %7, %0, %8 {func.indirect_call_signature = core.func(core.i32, !t0, tribute_rt.anyref), tribute.calling_convention = 1} : core.i32
              %10 = tribute_rt.box_int %9 : tribute_rt.anyref
              func.return %10
          }
          scf.case {value = 2110389019} {
              %11 = adt.struct_get %3 {field = 0, type = !__tribute_ability_payload_7dc9fb1b} : core.i32
              %12 = adt.struct_get %6 {field = 0, type = !_closure} : core.i32
              %13 = adt.struct_get %6 {field = 1, type = !_closure} : tribute_rt.anyref
              %14 = func.call_indirect %12, %0, %13, %11 {func.indirect_call_signature = core.func(core.nil, !t0, tribute_rt.anyref, core.i32), tribute.calling_convention = 1} : core.nil
              %15 = core.unrealized_conversion_cast %14 : tribute_rt.anyref
              func.return %15
          }
          scf.default {
              func.unreachable
          }
      }
  }
  func.func @"run_all::__clam_5"(%0: !t0, %1: tribute_rt.anyref, %2: !__tribute_parent_ty6, %3: core.i32, %4: tribute_rt.anyref) -> core.nil attributes {tribute.calling_convention = 2} {
      func.unreachable
  }
  func.func @"run_all::__clam_6"(%0: !t0, %1: tribute_rt.anyref, %2: !__tribute_parent_ty6, %3: core.i32) -> core.nil attributes {tribute.calling_convention = 2} {
      %4 = adt.struct_get %2 {field = 0, type = !__tribute_parent_ty6_1} : !t5
      %5 = adt.struct_get %4 {field = 0, type = !_closure} : core.i32
      %6 = adt.struct_get %4 {field = 1, type = !_closure} : tribute_rt.anyref
      func.tail_call_indirect %5, %6, %3 {func.indirect_call_signature = !t11, tribute.calling_convention = 2}
  }
  func.func @"run_all::__clam_7"(%0: tribute_rt.anyref, %1: core.i32) -> core.nil attributes {tribute.calling_convention = 2} {
      %2 = adt.ref_cast %0 {type = !"run_all::__clam_7::env"} : !"run_all::__clam_7::env"
      %3 = adt.struct_get %2 {field = 0, type = !"run_all::__clam_7::env"} : !t2
      %4 = adt.struct_get %2 {field = 1, type = !"run_all::__clam_7::env"} : !t0
      %5 = adt.struct_get %2 {field = 2, type = !"run_all::__clam_7::env"} : !__tribute_parent_ty6
      %6 = adt.struct_get %3 {field = 0, type = !_closure} : core.i32
      %7 = adt.struct_get %3 {field = 1, type = !_closure} : tribute_rt.anyref
      func.tail_call_indirect %6, %4, %7, %5, %1 {func.indirect_call_signature = !t4, tribute.calling_convention = 2}
  }
  func.func @"run_all::__clam_8"(%0: !t0, %1: tribute_rt.anyref, %2: !__tribute_parent_ty6, %3: core.i32) -> core.nil attributes {tribute.calling_convention = 2} {
      %4 = adt.struct_get %2 {field = 0, type = !__tribute_parent_ty6_1} : !t5
      %5 = adt.struct_get %4 {field = 0, type = !_closure} : core.i32
      %6 = adt.struct_get %4 {field = 1, type = !_closure} : tribute_rt.anyref
      func.tail_call_indirect %5, %6, %3 {func.indirect_call_signature = !t11, tribute.calling_convention = 2}
  }
  func.func @"run_all::__clam_9"(%0: tribute_rt.anyref, %1: core.i32) -> core.nil attributes {tribute.calling_convention = 2} {
      %2 = adt.ref_cast %0 {type = !"run_all::__clam_9::env"} : !"run_all::__clam_9::env"
      %3 = adt.struct_get %2 {field = 0, type = !"run_all::__clam_9::env"} : !t5
      %4 = adt.struct_get %2 {field = 1, type = !"run_all::__clam_9::env"} : !t1
      %5 = adt.struct_get %2 {field = 2, type = !"run_all::__clam_9::env"} : !t2
      %6 = adt.struct_get %2 {field = 3, type = !"run_all::__clam_9::env"} : !t0
      %7 = adt.struct_new %3, %4 {type = !__tribute_parent_ty6_1} : !__tribute_parent_ty6
      %8 = adt.struct_get %5 {field = 0, type = !_closure} : core.i32
      %9 = adt.struct_get %5 {field = 1, type = !_closure} : tribute_rt.anyref
      func.tail_call_indirect %8, %6, %9, %7, %1 {func.indirect_call_signature = !t4, tribute.calling_convention = 2}
  }
  func.func @"main::__clam_0"(%0: !t0, %1: tribute_rt.anyref, %2: !__tribute_parent_ty57, %3: core.i32) -> core.nil attributes {tribute.calling_convention = 2} {
      %4 = adt.struct_get %2 {field = 0, type = !__tribute_parent_ty57_1} : !t16
      %5 = adt.struct_get %4 {field = 0, type = !_closure} : core.i32
      %6 = adt.struct_get %4 {field = 1, type = !_closure} : tribute_rt.anyref
      func.tail_call_indirect %5, %6 {func.indirect_call_signature = core.func(core.nil, tribute_rt.anyref), tribute.calling_convention = 2}
  }
  func.func @"main::__clam_1"(%0: tribute_rt.anyref, %1: core.i32) -> core.nil attributes {tribute.calling_convention = 2} {
      %2 = adt.ref_cast %0 {type = !"main::__clam_1::env"} : !"main::__clam_1::env"
      %3 = adt.struct_get %2 {field = 0, type = !"main::__clam_1::env"} : !t16
      %4 = adt.struct_get %2 {field = 1, type = !"main::__clam_1::env"} : !t14
      %5 = adt.struct_get %2 {field = 2, type = !"main::__clam_1::env"} : !t15
      %6 = adt.struct_get %2 {field = 3, type = !"main::__clam_1::env"} : !t0
      %7 = adt.struct_new %3, %4 {type = !__tribute_parent_ty57_1} : !__tribute_parent_ty57
      %8 = adt.struct_get %5 {field = 0, type = !_closure} : core.i32
      %9 = adt.struct_get %5 {field = 1, type = !_closure} : tribute_rt.anyref
      func.tail_call_indirect %8, %6, %9, %7, %1 {func.indirect_call_signature = !t18, tribute.calling_convention = 2}
  }
  func.func @"step::__clam_0::__clam_0"(%0: !t0, %1: tribute_rt.anyref, %2: !__tribute_parent_ty6) -> core.nil attributes {tribute.calling_convention = 2} {
      %3 = adt.ref_cast %1 {type = !"step::__clam_0::__clam_0::env"} : !"step::__clam_0::__clam_0::env"
      %4 = adt.struct_get %3 {field = 0, type = !"step::__clam_0::__clam_0::env"} : core.i32
      %5 = adt.struct_get %3 {field = 1, type = !"step::__clam_0::__clam_0::env"} : core.i32
      %6 = adt.struct_get %2 {field = 0, type = !__tribute_parent_ty6_1} : !t5
      %7 = adt.struct_new %4 {type = !__tribute_ability_payload_7dc9fb1b} : !__tribute_ability_payload_7dc9fb1b
      %8 = arith.const {value = 1361557906} : core.i32
      %9 = func.call %0, %8 {callee = @__tribute_evidence_lookup_tr} : core.ptr
      %10 = arith.const {value = 2110389019} : core.i32
      %11 = adt.struct_get %9 {field = 0, type = !_closure} : core.i32
      %12 = adt.struct_get %9 {field = 1, type = !_closure} : tribute_rt.anyref
      %13 = func.call_indirect %11, %0, %12, %10, %7 : tribute_rt.anyref
      %14 = core.unrealized_conversion_cast %13 : core.nil
      %15 = arith.addi %4, %5 : core.i32
      %16 = adt.struct_get %6 {field = 0, type = !_closure} : core.i32
      %17 = adt.struct_get %6 {field = 1, type = !_closure} : tribute_rt.anyref
      func.tail_call_indirect %16, %17, %15 {func.indirect_call_signature = !t11, tribute.calling_convention = 2}
  }
  func.func @"step::__clam_0::__clam_1"(%0: !t0, %1: tribute_rt.anyref, %2: !__tribute_parent_ty6, %3: tribute_rt.anyref) -> core.nil attributes {tribute.calling_convention = 2} {
      %4 = adt.ref_cast %1 {type = !"step::__clam_0::__clam_1::env"} : !"step::__clam_0::__clam_1::env"
      %5 = adt.struct_get %4 {field = 0, type = !"step::__clam_0::__clam_1::env"} : !__tribute_one_shot_state_13
      %6 = adt.struct_get %4 {field = 1, type = !"step::__clam_0::__clam_1::env"} : !t17
      %7 = core.unrealized_conversion_cast %3 : core.nil
      %8 = adt.struct_get %5 {field = 0, type = !__tribute_one_shot_state_13} : core.i1
      %9 = scf.if %8 : core.nil {
          func.unreachable
      } {
          %10 = arith.const {value = 1} : core.i1
          adt.struct_set %5, %10 {field = 0, type = !__tribute_one_shot_state_13}
          %11 = adt.struct_get %6 {field = 0, type = !_closure} : core.i32
          %12 = adt.struct_get %6 {field = 1, type = !_closure} : tribute_rt.anyref
          func.tail_call_indirect %11, %0, %12, %2 {func.indirect_call_signature = !t20, tribute.calling_convention = 2}
      }
  }
  func.func @"run_state_with_console::__clam_2::__clam_0"(%0: !t0, %1: tribute_rt.anyref, %2: !__tribute_parent_ty6, %3: core.i32) -> core.nil attributes {tribute.calling_convention = 2} {
      %4 = adt.struct_get %2 {field = 0, type = !__tribute_parent_ty6_1} : !t5
      %5 = adt.struct_get %4 {field = 0, type = !_closure} : core.i32
      %6 = adt.struct_get %4 {field = 1, type = !_closure} : tribute_rt.anyref
      func.tail_call_indirect %5, %6, %3 {func.indirect_call_signature = !t11, tribute.calling_convention = 2}
  }
  func.func @"run_state_with_console::__clam_2::__clam_1"(%0: tribute_rt.anyref, %1: core.i32) -> core.nil attributes {tribute.calling_convention = 2} {
      %2 = adt.ref_cast %0 {type = !"run_state_with_console::__clam_2::__clam_1::env"} : !"run_state_with_console::__clam_2::__clam_1::env"
      %3 = adt.struct_get %2 {field = 0, type = !"run_state_with_console::__clam_2::__clam_1::env"} : !t5
      %4 = adt.struct_get %2 {field = 1, type = !"run_state_with_console::__clam_2::__clam_1::env"} : !t1
      %5 = adt.struct_get %2 {field = 2, type = !"run_state_with_console::__clam_2::__clam_1::env"} : !t2
      %6 = adt.struct_get %2 {field = 3, type = !"run_state_with_console::__clam_2::__clam_1::env"} : !t0
      %7 = adt.struct_new %3, %4 {type = !__tribute_parent_ty6_1} : !__tribute_parent_ty6
      %8 = adt.struct_get %5 {field = 0, type = !_closure} : core.i32
      %9 = adt.struct_get %5 {field = 1, type = !_closure} : tribute_rt.anyref
      func.tail_call_indirect %8, %6, %9, %7, %1 {func.indirect_call_signature = !t4, tribute.calling_convention = 2}
  }
  func.func @"run_state_with_console::__clam_3::__clam_0"(%0: !t0, %1: tribute_rt.anyref, %2: !__tribute_parent_ty6, %3: core.i32) -> core.nil attributes {tribute.calling_convention = 2} {
      %4 = adt.struct_get %2 {field = 0, type = !__tribute_parent_ty6_1} : !t5
      %5 = adt.struct_get %4 {field = 0, type = !_closure} : core.i32
      %6 = adt.struct_get %4 {field = 1, type = !_closure} : tribute_rt.anyref
      func.tail_call_indirect %5, %6, %3 {func.indirect_call_signature = !t11, tribute.calling_convention = 2}
  }
  func.func @"run_state_with_console::__clam_3::__clam_1"(%0: tribute_rt.anyref, %1: core.i32) -> core.nil attributes {tribute.calling_convention = 2} {
      %2 = adt.ref_cast %0 {type = !"run_state_with_console::__clam_3::__clam_1::env"} : !"run_state_with_console::__clam_3::__clam_1::env"
      %3 = adt.struct_get %2 {field = 0, type = !"run_state_with_console::__clam_3::__clam_1::env"} : !t5
      %4 = adt.struct_get %2 {field = 1, type = !"run_state_with_console::__clam_3::__clam_1::env"} : !t1
      %5 = adt.struct_get %2 {field = 2, type = !"run_state_with_console::__clam_3::__clam_1::env"} : !t2
      %6 = adt.struct_get %2 {field = 3, type = !"run_state_with_console::__clam_3::__clam_1::env"} : !t0
      %7 = adt.struct_new %3, %4 {type = !__tribute_parent_ty6_1} : !__tribute_parent_ty6
      %8 = adt.struct_get %5 {field = 0, type = !_closure} : core.i32
      %9 = adt.struct_get %5 {field = 1, type = !_closure} : tribute_rt.anyref
      func.tail_call_indirect %8, %6, %9, %7, %1 {func.indirect_call_signature = !t4, tribute.calling_convention = 2}
  }
  func.func @main() -> core.nil attributes {tribute.calling_convention = 0, tribute.root_wrapper = true} {
      %0 = arith.const {value = unit} : core.nil
      %1 = adt.struct_new %0 {type = !__tribute_root_completion_cell} : !__tribute_root_completion_cell
      %2 = func.constant {func_ref = @__tribute_root_done_k} : core.func(core.nil)
      %3 = adt.struct_new %2, %1 {type = !_closure} : !_closure
      %4 = core.unrealized_conversion_cast %3 : !t16
      %5 = func.constant {func_ref = @__tribute_root_reject_dispatch} : core.func(core.nil, tribute_rt.anyref, !t0, closure.closure(core.func(core.nil, !t0, !__tribute_parent_ty57, tribute_rt.anyref)) {tribute.calling_convention = 2}, core.i32, core.i32, core.i32, tribute_rt.anyref)
      %6 = adt.struct_new %5, %1 {type = !_closure} : !_closure
      %7 = core.unrealized_conversion_cast %6 : !t14
      %8 = func.call {callee = @__tribute_evidence_empty} : core.ptr
      %9 = func.call %8, %4, %7 {callee = @__tribute_cps_main, tribute.calling_convention = 2, tribute.root_cps_call = true} : core.nil
      func.return
  }
}
