---
source: tests/active_pipeline_goldens.rs
expression: ir_text
---
core.module @resumptive_op_native {
  !_closure = adt.struct(core.i32, tribute_rt.anyref) {name = @_closure}
  !__tribute_cps_control = adt.enum() {name = @__tribute_cps_control, variants = [[@Normal, [tribute_rt.anyref]], [@Escape, [core.i32, tribute_rt.anyref]]]}
  !t0 = core.array(adt.struct() {fields = [[@ability_id, core.i32], [@prompt_tag, core.i32], [@tr_dispatch_fn, core.ptr], [@handler_dispatch, core.ptr]], name = @_Marker})
  !t1 = core.func(tribute_rt.anyref, tribute_rt.anyref)
  !"bump::__clam_0::__clam_0::env" = adt.struct() {fields = [[@_0, core.i32], [@_1, tribute_rt.anyref]], name = @"bump::__clam_0::__clam_0::env"}
  !"run_state::__clam_1::__clam_0::env" = adt.struct() {fields = [[@_0, core.i32]], name = @"run_state::__clam_1::__clam_0::env"}
  !"run_state::__clam_1::__clam_1::env" = adt.struct() {fields = [[@_0, core.i32]], name = @"run_state::__clam_1::__clam_1::env"}
  !"bump::__clam_0::env" = adt.struct() {fields = [[@_0, tribute_rt.anyref]], name = @"bump::__clam_0::env"}
  !t2 = closure.closure(!t1)

  func.func @__tribute_evidence_lookup_handler(%0: core.ptr, %1: core.i32) -> core.ptr attributes {abi = "C"} {
      func.unreachable
  }

  func.func @__tribute_evidence_lookup_tr(%0: core.ptr, %1: core.i32) -> core.ptr attributes {abi = "C"} {
      func.unreachable
  }

  func.func @__tribute_evidence_empty() -> core.ptr attributes {abi = "C"} {
      func.unreachable
  }

  func.func @__tribute_next_tag() -> core.i32 attributes {abi = "C"} {
      func.unreachable
  }

  func.func @__tribute_evidence_extend(%0: core.ptr, %1: core.i32, %2: core.i32, %3: core.ptr, %4: core.ptr) -> core.ptr attributes {abi = "C"} {
      func.unreachable
  }

  func.func @__tribute_evidence_lookup(%0: core.ptr, %1: core.i32) -> core.i32 attributes {abi = "C"} {
      func.unreachable
  }

  func.func @"resumptive_op_native::__lambda_0"(%0: !t0, %1: tribute_rt.anyref, %2: tribute_rt.anyref) -> tribute_rt.anyref {
      func.return %2
  }

  func.func @"resumptive_op_native::__lambda_1"(%0: !t0, %1: tribute_rt.anyref, %2: tribute_rt.anyref) -> tribute_rt.anyref {
      %3 = adt.variant_new %2 {tag = @Normal, type = !__tribute_cps_control} : tribute_rt.anyref
      func.return %3
  }

  func.func @main() -> core.nil attributes {tribute.calling_convention = 0} {
      %0 = func.call {callee = @__tribute_evidence_empty} : core.ptr
      %1 = adt.ref_null {type = tribute_rt.anyref} : tribute_rt.anyref
      %2 = func.constant {func_ref = @"resumptive_op_native::__lambda_0"} : !t1
      %3 = adt.struct_new %2, %1 {type = !_closure} : !_closure
      %4 = adt.ref_null {type = tribute_rt.anyref} : tribute_rt.anyref
      %5 = func.constant {func_ref = @"run_state::__clam_0"} : !t1
      %6 = adt.struct_new %5, %4 {type = !_closure} : !_closure
      %7 = adt.ref_null {type = tribute_rt.anyref} : tribute_rt.anyref
      %8 = func.constant {func_ref = @"resumptive_op_native::__lambda_1"} : !t1
      %9 = adt.struct_new %8, %7 {type = !_closure} : !_closure
      %10 = func.call {callee = @__tribute_evidence_empty} : core.ptr
      %11 = adt.struct_get %6 {field = 0, type = !_closure} : core.i32
      %12 = adt.struct_get %6 {field = 1, type = !_closure} : tribute_rt.anyref
      %13 = adt.ref_null {type = tribute_rt.anyref} : tribute_rt.anyref
      %14 = func.constant {func_ref = @"run_state::__clam_1"} : core.func(tribute_rt.anyref, tribute_rt.anyref, core.i32, core.i32, tribute_rt.anyref)
      %15 = adt.struct_new %14, %13 {type = !_closure} : !_closure
      %16 = arith.const {value = 0} : tribute_rt.anyref
      %17 = func.call {callee = @__tribute_next_tag} : core.i32
      %18 = arith.const {value = 3214451656} : core.i32
      %19 = core.unrealized_conversion_cast %16 : core.ptr
      %20 = core.unrealized_conversion_cast %15 : core.ptr
      %21 = func.call %0, %18, %17, %19, %20 {callee = @__tribute_evidence_extend} : core.ptr
      %22 = func.call_indirect %11, %21, %12, %9 : tribute_rt.anyref
      %23 = adt.variant_is %22 {tag = @Normal, type = !__tribute_cps_control} : core.i1
      %24 = scf.if %23 : tribute_rt.anyref {
          %25 = adt.variant_cast %22 {tag = @Normal, type = !__tribute_cps_control} : tribute_rt.anyref
          %26 = adt.variant_get %25 {field = 0, tag = @Normal, type = !__tribute_cps_control} : tribute_rt.anyref
          %27 = func.call {callee = @__tribute_evidence_empty} : core.ptr
          %28 = adt.struct_get %3 {field = 0, type = !_closure} : core.i32
          %29 = adt.struct_get %3 {field = 1, type = !_closure} : tribute_rt.anyref
          %30 = func.call_indirect %28, %21, %29, %26 : tribute_rt.anyref
          scf.yield %30
      } {
          %31 = adt.variant_cast %22 {tag = @Escape, type = !__tribute_cps_control} : tribute_rt.anyref
          %32 = adt.variant_get %31 {field = 0, tag = @Escape, type = !__tribute_cps_control} : core.i32
          %33 = adt.variant_get %31 {field = 1, tag = @Escape, type = !__tribute_cps_control} : tribute_rt.anyref
          %34 = arith.cmpi %32, %17 {predicate = @eq} : core.i1
          %35 = scf.if %34 : tribute_rt.anyref {
              %36 = func.call {callee = @__tribute_evidence_empty} : core.ptr
              %37 = adt.struct_get %3 {field = 0, type = !_closure} : core.i32
              %38 = adt.struct_get %3 {field = 1, type = !_closure} : tribute_rt.anyref
              %39 = func.call_indirect %37, %36, %38, %33 : tribute_rt.anyref
              scf.yield %39
          } {
              scf.yield %22
          }
          scf.yield %35
      }
      %40 = arith.const {value = unit} : core.nil
      func.return %40
  }

  func.func @"bump::__clam_0"(%0: !t0, %1: tribute_rt.anyref, %2: tribute_rt.anyref) -> tribute_rt.anyref {
      %3 = adt.ref_cast %1 {type = !"bump::__clam_0::env"} : !"bump::__clam_0::env"
      %4 = adt.struct_get %3 {field = 0, type = !"bump::__clam_0::env"} : tribute_rt.anyref
      %5 = tribute_rt.unbox_int %2 : core.i32
      %6 = arith.const {value = 1} : core.i32
      %7 = arith.addi %5, %6 : core.i32
      %8 = adt.struct_new %5, %4 {type = !"bump::__clam_0::__clam_0::env"} : !"bump::__clam_0::__clam_0::env"
      %9 = func.constant {func_ref = @"bump::__clam_0::__clam_0"} : !t1
      %10 = adt.struct_new %9, %8 {type = !_closure} : !_closure
      %11 = tribute_rt.box_int %7 : tribute_rt.anyref
      %12 = arith.const {value = 3214451656} : core.i32
      %13 = func.call %0, %12 {callee = @__tribute_evidence_lookup_handler} : core.ptr
      %14 = func.call %0, %12 {callee = @__tribute_evidence_lookup} : core.i32
      %15 = arith.const {value = 1348736788} : core.i32
      %16 = adt.struct_get %13 {field = 0, type = !_closure} : core.i32
      %17 = adt.struct_get %13 {field = 1, type = !_closure} : tribute_rt.anyref
      %18 = func.call_indirect %16, %0, %17, %10, %14, %15, %11 : tribute_rt.anyref
      func.return %18
  }

  func.func @"run_state::__clam_0"(%0: !t0, %1: tribute_rt.anyref, %2: tribute_rt.anyref) -> tribute_rt.anyref {
      %3 = func.call {callee = @__tribute_evidence_empty} : core.ptr
      %4 = adt.struct_new %2 {type = !"bump::__clam_0::env"} : !"bump::__clam_0::env"
      %5 = func.constant {func_ref = @"bump::__clam_0"} : !t1
      %6 = adt.struct_new %5, %4 {type = !_closure} : !_closure
      %7 = adt.ref_null {type = tribute_rt.anyref} : tribute_rt.anyref
      %8 = arith.const {value = 3214451656} : core.i32
      %9 = func.call %0, %8 {callee = @__tribute_evidence_lookup_handler} : core.ptr
      %10 = func.call %0, %8 {callee = @__tribute_evidence_lookup} : core.i32
      %11 = arith.const {value = 1972422014} : core.i32
      %12 = adt.struct_get %9 {field = 0, type = !_closure} : core.i32
      %13 = adt.struct_get %9 {field = 1, type = !_closure} : tribute_rt.anyref
      %14 = func.call_indirect %12, %0, %13, %6, %10, %11, %7 : tribute_rt.anyref
      func.return %14
  }

  func.func @"run_state::__clam_1"(%0: !t0, %1: tribute_rt.anyref, %2: tribute_rt.anyref, %3: core.i32, %4: core.i32, %5: tribute_rt.anyref) -> tribute_rt.anyref {
      %6 = arith.const {value = 1972422014} : core.i32
      %7 = arith.cmpi %4, %6 {predicate = @eq} : core.i1
      %8 = scf.if %7 : tribute_rt.anyref {
          %9 = adt.struct_new %3 {type = !"run_state::__clam_1::__clam_0::env"} : !"run_state::__clam_1::__clam_0::env"
          %10 = func.constant {func_ref = @"run_state::__clam_1::__clam_0"} : !t1
          %11 = adt.struct_new %10, %9 {type = !_closure} : !_closure
          %12 = arith.const {value = 10} : core.i32
          %13 = core.unrealized_conversion_cast %2 : !t2
          %14 = tribute_rt.box_int %12 : tribute_rt.anyref
          %15 = adt.struct_get %13 {field = 0, type = !_closure} : core.i32
          %16 = adt.struct_get %13 {field = 1, type = !_closure} : tribute_rt.anyref
          %17 = func.call_indirect %15, %0, %16, %14 : tribute_rt.anyref
          %18 = adt.variant_is %17 {tag = @Normal, type = !__tribute_cps_control} : core.i1
          %19 = scf.if %18 : tribute_rt.anyref {
              %20 = adt.variant_cast %17 {tag = @Normal, type = !__tribute_cps_control} : tribute_rt.anyref
              %21 = adt.variant_get %20 {field = 0, tag = @Normal, type = !__tribute_cps_control} : tribute_rt.anyref
              %22 = adt.struct_get %11 {field = 0, type = !_closure} : core.i32
              %23 = adt.struct_get %11 {field = 1, type = !_closure} : tribute_rt.anyref
              %24 = func.call_indirect %22, %0, %23, %21 : tribute_rt.anyref
              %25 = adt.variant_cast %24 {tag = @Escape, type = !__tribute_cps_control} : tribute_rt.anyref
              %26 = adt.variant_get %25 {field = 0, tag = @Escape, type = !__tribute_cps_control} : core.i32
              %27 = adt.variant_get %25 {field = 1, tag = @Escape, type = !__tribute_cps_control} : tribute_rt.anyref
              %28 = arith.cmpi %26, %3 {predicate = @eq} : core.i1
              %29 = scf.if %28 : tribute_rt.anyref {
                  %30 = adt.variant_new %27 {tag = @Normal, type = !__tribute_cps_control} : tribute_rt.anyref
                  scf.yield %30
              } {
                  scf.yield %24
              }
              scf.yield %29
          } {
              scf.yield %17
          }
          scf.yield %19
      } {
          %31 = adt.struct_new %3 {type = !"run_state::__clam_1::__clam_1::env"} : !"run_state::__clam_1::__clam_1::env"
          %32 = func.constant {func_ref = @"run_state::__clam_1::__clam_1"} : !t1
          %33 = adt.struct_new %32, %31 {type = !_closure} : !_closure
          %34 = arith.const {value = unit} : core.nil
          %35 = core.unrealized_conversion_cast %2 : !t2
          %36 = core.unrealized_conversion_cast %34 : tribute_rt.anyref
          %37 = adt.struct_get %35 {field = 0, type = !_closure} : core.i32
          %38 = adt.struct_get %35 {field = 1, type = !_closure} : tribute_rt.anyref
          %39 = func.call_indirect %37, %0, %38, %36 : tribute_rt.anyref
          %40 = adt.variant_is %39 {tag = @Normal, type = !__tribute_cps_control} : core.i1
          %41 = scf.if %40 : tribute_rt.anyref {
              %42 = adt.variant_cast %39 {tag = @Normal, type = !__tribute_cps_control} : tribute_rt.anyref
              %43 = adt.variant_get %42 {field = 0, tag = @Normal, type = !__tribute_cps_control} : tribute_rt.anyref
              %44 = adt.struct_get %33 {field = 0, type = !_closure} : core.i32
              %45 = adt.struct_get %33 {field = 1, type = !_closure} : tribute_rt.anyref
              %46 = func.call_indirect %44, %0, %45, %43 : tribute_rt.anyref
              %47 = adt.variant_cast %46 {tag = @Escape, type = !__tribute_cps_control} : tribute_rt.anyref
              %48 = adt.variant_get %47 {field = 0, tag = @Escape, type = !__tribute_cps_control} : core.i32
              %49 = adt.variant_get %47 {field = 1, tag = @Escape, type = !__tribute_cps_control} : tribute_rt.anyref
              %50 = arith.cmpi %48, %3 {predicate = @eq} : core.i1
              %51 = scf.if %50 : tribute_rt.anyref {
                  %52 = adt.variant_new %49 {tag = @Normal, type = !__tribute_cps_control} : tribute_rt.anyref
                  scf.yield %52
              } {
                  scf.yield %46
              }
              scf.yield %51
          } {
              scf.yield %39
          }
          scf.yield %41
      }
      func.return %8
  }

  func.func @"bump::__clam_0::__clam_0"(%0: !t0, %1: tribute_rt.anyref, %2: tribute_rt.anyref) -> tribute_rt.anyref {
      %3 = adt.ref_cast %1 {type = !"bump::__clam_0::__clam_0::env"} : !"bump::__clam_0::__clam_0::env"
      %4 = adt.struct_get %3 {field = 0, type = !"bump::__clam_0::__clam_0::env"} : core.i32
      %5 = adt.struct_get %3 {field = 1, type = !"bump::__clam_0::__clam_0::env"} : tribute_rt.anyref
      %6 = core.unrealized_conversion_cast %2 : core.nil
      %7 = core.unrealized_conversion_cast %5 : !t2
      %8 = tribute_rt.box_int %4 : tribute_rt.anyref
      %9 = adt.struct_get %7 {field = 0, type = !_closure} : core.i32
      %10 = adt.struct_get %7 {field = 1, type = !_closure} : tribute_rt.anyref
      %11 = func.call_indirect %9, %0, %10, %8 : tribute_rt.anyref
      func.return %11
  }

  func.func @"run_state::__clam_1::__clam_0"(%0: !t0, %1: tribute_rt.anyref, %2: tribute_rt.anyref) -> tribute_rt.anyref {
      %3 = adt.ref_cast %1 {type = !"run_state::__clam_1::__clam_0::env"} : !"run_state::__clam_1::__clam_0::env"
      %4 = adt.struct_get %3 {field = 0, type = !"run_state::__clam_1::__clam_0::env"} : core.i32
      %5 = adt.variant_new %4, %2 {tag = @Escape, type = !__tribute_cps_control} : tribute_rt.anyref
      func.return %5
  }

  func.func @"run_state::__clam_1::__clam_1"(%0: !t0, %1: tribute_rt.anyref, %2: tribute_rt.anyref) -> tribute_rt.anyref {
      %3 = adt.ref_cast %1 {type = !"run_state::__clam_1::__clam_1::env"} : !"run_state::__clam_1::__clam_1::env"
      %4 = adt.struct_get %3 {field = 0, type = !"run_state::__clam_1::__clam_1::env"} : core.i32
      %5 = adt.variant_new %4, %2 {tag = @Escape, type = !__tribute_cps_control} : tribute_rt.anyref
      func.return %5
  }
}
