---
source: tests/diagnostic_snapshots.rs
expression: result.diagnostics
---
- message: "type error at call site in function 'test': effect mismatch: expected `{Foo}`, found `{Bar, e}`"
  span:
    start: 169
    end: 200
  severity: Error
  labels:
    - span:
        start: 154
        end: 157
      message: enclosing function effect contract is declared here
  phase: TypeChecking
