---
source: tests/optimization_conformance.rs
expression: before
---
%3 = tribute_rt.retain %1 : core.ptr
%4 = tribute_rt.retain %2 : core.ptr
tribute_rt.release %1 {alloc_size = 0}
tribute_rt.release %43 {alloc_size = 0}
tribute_rt.release %60 {alloc_size = 0}
%3 = tribute_rt.retain %1 : core.ptr
%4 = tribute_rt.retain %2 : core.ptr
%7 = tribute_rt.retain %6 : core.ptr
tribute_rt.release %1 {alloc_size = 0}
tribute_rt.release %2 {alloc_size = 0}
%17 = tribute_rt.retain %6 : core.ptr
tribute_rt.release %6 {alloc_size = 0}
tribute_rt.release %37 {alloc_size = 12}
%3 = tribute_rt.retain %1 : core.ptr
%4 = tribute_rt.retain %2 : core.ptr
tribute_rt.release %1 {alloc_size = 0}
%12 = tribute_rt.retain %2 : core.ptr
tribute_rt.release %2 {alloc_size = 0}
%5 = tribute_rt.retain %1 : core.ptr
%6 = tribute_rt.retain %2 : core.ptr
%7 = tribute_rt.retain %4 : core.ptr
tribute_rt.release %1 {alloc_size = 0}
tribute_rt.release %4 {alloc_size = 0}
tribute_rt.release %2 {alloc_size = 0}
tribute_rt.release %31 {alloc_size = 12}
tribute_rt.release %36 {alloc_size = 0}
tribute_rt.release %2 {alloc_size = 0}
tribute_rt.release %54 {alloc_size = 0}
tribute_rt.release %59 {alloc_size = 0}
%3 = tribute_rt.retain %1 : core.ptr
%4 = tribute_rt.retain %2 : core.ptr
%9 = tribute_rt.retain %8 : core.ptr
tribute_rt.release %1 {alloc_size = 0}
tribute_rt.release %2 {alloc_size = 0}
tribute_rt.release %8 {alloc_size = 0}
tribute_rt.release %19 {alloc_size = 12}
tribute_rt.release %4 {alloc_size = 0}
