---
source: tests/parse.rs
expression: ast
---
[
    (
        List(
            [
                (
                    Identifier(
                        "fn",
                    ),
                    SimpleSpan {
                        start: 127,
                        end: 129,
                        context: (),
                    },
                ),
                (
                    List(
                        [
                            (
                                Identifier(
                                    "main",
                                ),
                                SimpleSpan {
                                    start: 131,
                                    end: 135,
                                    context: (),
                                },
                            ),
                        ],
                    ),
                    SimpleSpan {
                        start: 130,
                        end: 136,
                        context: (),
                    },
                ),
                (
                    List(
                        [
                            (
                                Identifier(
                                    "let",
                                ),
                                SimpleSpan {
                                    start: 140,
                                    end: 143,
                                    context: (),
                                },
                            ),
                            (
                                Identifier(
                                    "x",
                                ),
                                SimpleSpan {
                                    start: 144,
                                    end: 145,
                                    context: (),
                                },
                            ),
                            (
                                Number(
                                    42,
                                ),
                                SimpleSpan {
                                    start: 146,
                                    end: 148,
                                    context: (),
                                },
                            ),
                        ],
                    ),
                    SimpleSpan {
                        start: 139,
                        end: 149,
                        context: (),
                    },
                ),
                (
                    Identifier(
                        "x",
                    ),
                    SimpleSpan {
                        start: 152,
                        end: 153,
                        context: (),
                    },
                ),
            ],
        ),
        SimpleSpan {
            start: 126,
            end: 154,
            context: (),
        },
    ),
]
