---
source: tests/parse.rs
expression: ast
---
[
    (
        List(
            [
                (
                    Identifier(
                        "fn",
                    ),
                    SimpleSpan {
                        start: 1,
                        end: 3,
                        context: (),
                    },
                ),
                (
                    List(
                        [
                            (
                                Identifier(
                                    "double",
                                ),
                                SimpleSpan {
                                    start: 5,
                                    end: 11,
                                    context: (),
                                },
                            ),
                            (
                                Identifier(
                                    "x",
                                ),
                                SimpleSpan {
                                    start: 12,
                                    end: 13,
                                    context: (),
                                },
                            ),
                        ],
                    ),
                    SimpleSpan {
                        start: 4,
                        end: 14,
                        context: (),
                    },
                ),
                (
                    List(
                        [
                            (
                                Identifier(
                                    "*",
                                ),
                                SimpleSpan {
                                    start: 16,
                                    end: 17,
                                    context: (),
                                },
                            ),
                            (
                                Identifier(
                                    "x",
                                ),
                                SimpleSpan {
                                    start: 18,
                                    end: 19,
                                    context: (),
                                },
                            ),
                            (
                                Number(
                                    2,
                                ),
                                SimpleSpan {
                                    start: 20,
                                    end: 21,
                                    context: (),
                                },
                            ),
                        ],
                    ),
                    SimpleSpan {
                        start: 15,
                        end: 22,
                        context: (),
                    },
                ),
            ],
        ),
        SimpleSpan {
            start: 0,
            end: 23,
            context: (),
        },
    ),
    (
        List(
            [
                (
                    Identifier(
                        "fn",
                    ),
                    SimpleSpan {
                        start: 25,
                        end: 27,
                        context: (),
                    },
                ),
                (
                    List(
                        [
                            (
                                Identifier(
                                    "add_and_double",
                                ),
                                SimpleSpan {
                                    start: 29,
                                    end: 43,
                                    context: (),
                                },
                            ),
                            (
                                Identifier(
                                    "x",
                                ),
                                SimpleSpan {
                                    start: 44,
                                    end: 45,
                                    context: (),
                                },
                            ),
                            (
                                Identifier(
                                    "y",
                                ),
                                SimpleSpan {
                                    start: 46,
                                    end: 47,
                                    context: (),
                                },
                            ),
                        ],
                    ),
                    SimpleSpan {
                        start: 28,
                        end: 48,
                        context: (),
                    },
                ),
                (
                    List(
                        [
                            (
                                Identifier(
                                    "double",
                                ),
                                SimpleSpan {
                                    start: 50,
                                    end: 56,
                                    context: (),
                                },
                            ),
                            (
                                List(
                                    [
                                        (
                                            Identifier(
                                                "+",
                                            ),
                                            SimpleSpan {
                                                start: 58,
                                                end: 59,
                                                context: (),
                                            },
                                        ),
                                        (
                                            Identifier(
                                                "x",
                                            ),
                                            SimpleSpan {
                                                start: 60,
                                                end: 61,
                                                context: (),
                                            },
                                        ),
                                        (
                                            Identifier(
                                                "y",
                                            ),
                                            SimpleSpan {
                                                start: 62,
                                                end: 63,
                                                context: (),
                                            },
                                        ),
                                    ],
                                ),
                                SimpleSpan {
                                    start: 57,
                                    end: 64,
                                    context: (),
                                },
                            ),
                        ],
                    ),
                    SimpleSpan {
                        start: 49,
                        end: 65,
                        context: (),
                    },
                ),
            ],
        ),
        SimpleSpan {
            start: 24,
            end: 66,
            context: (),
        },
    ),
    (
        List(
            [
                (
                    Identifier(
                        "fn",
                    ),
                    SimpleSpan {
                        start: 68,
                        end: 70,
                        context: (),
                    },
                ),
                (
                    List(
                        [
                            (
                                Identifier(
                                    "main",
                                ),
                                SimpleSpan {
                                    start: 72,
                                    end: 76,
                                    context: (),
                                },
                            ),
                        ],
                    ),
                    SimpleSpan {
                        start: 71,
                        end: 77,
                        context: (),
                    },
                ),
                (
                    List(
                        [
                            (
                                Identifier(
                                    "add_and_double",
                                ),
                                SimpleSpan {
                                    start: 79,
                                    end: 93,
                                    context: (),
                                },
                            ),
                            (
                                Number(
                                    5,
                                ),
                                SimpleSpan {
                                    start: 94,
                                    end: 95,
                                    context: (),
                                },
                            ),
                            (
                                Number(
                                    10,
                                ),
                                SimpleSpan {
                                    start: 96,
                                    end: 98,
                                    context: (),
                                },
                            ),
                        ],
                    ),
                    SimpleSpan {
                        start: 78,
                        end: 99,
                        context: (),
                    },
                ),
            ],
        ),
        SimpleSpan {
            start: 67,
            end: 100,
            context: (),
        },
    ),
]
