---
source: tests/parse.rs
expression: hir
---
HirProgram {
    [salsa id]: Id(1800),
    functions: {
        "main": HirFunction {
            [salsa id]: Id(1400),
            name: "main",
            params: [],
            body: [
                HirExpr {
                    [salsa id]: Id(1000),
                    expr: Call {
                        func: (
                            Variable(
                                "print_line",
                            ),
                            SimpleSpan {
                                start: 262,
                                end: 291,
                                context: (),
                            },
                        ),
                        args: [
                            (
                                String(
                                    "Hello, Tribute!",
                                ),
                                SimpleSpan {
                                    start: 273,
                                    end: 290,
                                    context: (),
                                },
                            ),
                        ],
                    },
                    span: SimpleSpan {
                        start: 262,
                        end: 291,
                        context: (),
                    },
                },
                HirExpr {
                    [salsa id]: Id(1001),
                    expr: Call {
                        func: (
                            Variable(
                                "print_line",
                            ),
                            SimpleSpan {
                                start: 296,
                                end: 314,
                                context: (),
                            },
                        ),
                        args: [
                            (
                                Call {
                                    func: (
                                        Variable(
                                            "+",
                                        ),
                                        SimpleSpan {
                                            start: 307,
                                            end: 313,
                                            context: (),
                                        },
                                    ),
                                    args: [
                                        (
                                            Number(
                                                10,
                                            ),
                                            SimpleSpan {
                                                start: 307,
                                                end: 309,
                                                context: (),
                                            },
                                        ),
                                        (
                                            Number(
                                                5,
                                            ),
                                            SimpleSpan {
                                                start: 312,
                                                end: 313,
                                                context: (),
                                            },
                                        ),
                                    ],
                                },
                                SimpleSpan {
                                    start: 307,
                                    end: 313,
                                    context: (),
                                },
                            ),
                        ],
                    },
                    span: SimpleSpan {
                        start: 296,
                        end: 314,
                        context: (),
                    },
                },
                HirExpr {
                    [salsa id]: Id(1002),
                    expr: Call {
                        func: (
                            Variable(
                                "*",
                            ),
                            SimpleSpan {
                                start: 319,
                                end: 324,
                                context: (),
                            },
                        ),
                        args: [
                            (
                                Number(
                                    6,
                                ),
                                SimpleSpan {
                                    start: 319,
                                    end: 320,
                                    context: (),
                                },
                            ),
                            (
                                Number(
                                    7,
                                ),
                                SimpleSpan {
                                    start: 323,
                                    end: 324,
                                    context: (),
                                },
                            ),
                        ],
                    },
                    span: SimpleSpan {
                        start: 319,
                        end: 324,
                        context: (),
                    },
                },
            ],
            span: SimpleSpan {
                start: 246,
                end: 326,
                context: (),
            },
        },
    },
    main: Some(
        "main",
    ),
}
