---
source: tests/parse.rs
expression: hir
---
HirProgram {
    [salsa id]: Id(1800),
    functions: {
        "add_and_double": HirFunction {
            [salsa id]: Id(1400),
            name: "add_and_double",
            params: [
                "x",
                "y",
            ],
            body: [
                HirExpr {
                    [salsa id]: Id(1000),
                    expr: Call {
                        func: (
                            Variable(
                                "double",
                            ),
                            SimpleSpan {
                                start: 58,
                                end: 71,
                                context: (),
                            },
                        ),
                        args: [
                            (
                                Call {
                                    func: (
                                        Variable(
                                            "+",
                                        ),
                                        SimpleSpan {
                                            start: 65,
                                            end: 70,
                                            context: (),
                                        },
                                    ),
                                    args: [
                                        (
                                            Variable(
                                                "x",
                                            ),
                                            SimpleSpan {
                                                start: 65,
                                                end: 66,
                                                context: (),
                                            },
                                        ),
                                        (
                                            Variable(
                                                "y",
                                            ),
                                            SimpleSpan {
                                                start: 69,
                                                end: 70,
                                                context: (),
                                            },
                                        ),
                                    ],
                                },
                                SimpleSpan {
                                    start: 65,
                                    end: 70,
                                    context: (),
                                },
                            ),
                        ],
                    },
                    span: SimpleSpan {
                        start: 58,
                        end: 71,
                        context: (),
                    },
                },
            ],
            span: SimpleSpan {
                start: 28,
                end: 73,
                context: (),
            },
        },
        "double": HirFunction {
            [salsa id]: Id(1401),
            name: "double",
            params: [
                "x",
            ],
            body: [
                HirExpr {
                    [salsa id]: Id(1001),
                    expr: Call {
                        func: (
                            Variable(
                                "*",
                            ),
                            SimpleSpan {
                                start: 19,
                                end: 24,
                                context: (),
                            },
                        ),
                        args: [
                            (
                                Variable(
                                    "x",
                                ),
                                SimpleSpan {
                                    start: 19,
                                    end: 20,
                                    context: (),
                                },
                            ),
                            (
                                Number(
                                    2,
                                ),
                                SimpleSpan {
                                    start: 23,
                                    end: 24,
                                    context: (),
                                },
                            ),
                        ],
                    },
                    span: SimpleSpan {
                        start: 19,
                        end: 24,
                        context: (),
                    },
                },
            ],
            span: SimpleSpan {
                start: 0,
                end: 26,
                context: (),
            },
        },
        "main": HirFunction {
            [salsa id]: Id(1402),
            name: "main",
            params: [],
            body: [
                HirExpr {
                    [salsa id]: Id(1002),
                    expr: Call {
                        func: (
                            Variable(
                                "add_and_double",
                            ),
                            SimpleSpan {
                                start: 91,
                                end: 112,
                                context: (),
                            },
                        ),
                        args: [
                            (
                                Number(
                                    5,
                                ),
                                SimpleSpan {
                                    start: 106,
                                    end: 107,
                                    context: (),
                                },
                            ),
                            (
                                Number(
                                    10,
                                ),
                                SimpleSpan {
                                    start: 109,
                                    end: 111,
                                    context: (),
                                },
                            ),
                        ],
                    },
                    span: SimpleSpan {
                        start: 91,
                        end: 112,
                        context: (),
                    },
                },
            ],
            span: SimpleSpan {
                start: 75,
                end: 114,
                context: (),
            },
        },
    },
    main: Some(
        "main",
    ),
}
