---
source: tests/parse.rs
expression: ast
---
[
    (
        List(
            [
                (
                    Identifier(
                        "fn",
                    ),
                    SimpleSpan {
                        start: 248,
                        end: 250,
                        context: (),
                    },
                ),
                (
                    List(
                        [
                            (
                                Identifier(
                                    "add",
                                ),
                                SimpleSpan {
                                    start: 252,
                                    end: 255,
                                    context: (),
                                },
                            ),
                            (
                                Identifier(
                                    "x",
                                ),
                                SimpleSpan {
                                    start: 256,
                                    end: 257,
                                    context: (),
                                },
                            ),
                            (
                                Identifier(
                                    "y",
                                ),
                                SimpleSpan {
                                    start: 258,
                                    end: 259,
                                    context: (),
                                },
                            ),
                        ],
                    ),
                    SimpleSpan {
                        start: 251,
                        end: 260,
                        context: (),
                    },
                ),
                (
                    List(
                        [
                            (
                                Identifier(
                                    "+",
                                ),
                                SimpleSpan {
                                    start: 262,
                                    end: 263,
                                    context: (),
                                },
                            ),
                            (
                                Identifier(
                                    "x",
                                ),
                                SimpleSpan {
                                    start: 264,
                                    end: 265,
                                    context: (),
                                },
                            ),
                            (
                                Identifier(
                                    "y",
                                ),
                                SimpleSpan {
                                    start: 266,
                                    end: 267,
                                    context: (),
                                },
                            ),
                        ],
                    ),
                    SimpleSpan {
                        start: 261,
                        end: 268,
                        context: (),
                    },
                ),
            ],
        ),
        SimpleSpan {
            start: 247,
            end: 269,
            context: (),
        },
    ),
    (
        List(
            [
                (
                    Identifier(
                        "fn",
                    ),
                    SimpleSpan {
                        start: 272,
                        end: 274,
                        context: (),
                    },
                ),
                (
                    List(
                        [
                            (
                                Identifier(
                                    "main",
                                ),
                                SimpleSpan {
                                    start: 276,
                                    end: 280,
                                    context: (),
                                },
                            ),
                        ],
                    ),
                    SimpleSpan {
                        start: 275,
                        end: 281,
                        context: (),
                    },
                ),
                (
                    List(
                        [
                            (
                                Identifier(
                                    "print_line",
                                ),
                                SimpleSpan {
                                    start: 286,
                                    end: 296,
                                    context: (),
                                },
                            ),
                            (
                                String(
                                    "Testing user-defined functions:",
                                ),
                                SimpleSpan {
                                    start: 297,
                                    end: 330,
                                    context: (),
                                },
                            ),
                        ],
                    ),
                    SimpleSpan {
                        start: 285,
                        end: 331,
                        context: (),
                    },
                ),
                (
                    List(
                        [
                            (
                                Identifier(
                                    "print_line",
                                ),
                                SimpleSpan {
                                    start: 335,
                                    end: 345,
                                    context: (),
                                },
                            ),
                            (
                                List(
                                    [
                                        (
                                            Identifier(
                                                "add",
                                            ),
                                            SimpleSpan {
                                                start: 347,
                                                end: 350,
                                                context: (),
                                            },
                                        ),
                                        (
                                            Number(
                                                10,
                                            ),
                                            SimpleSpan {
                                                start: 351,
                                                end: 353,
                                                context: (),
                                            },
                                        ),
                                        (
                                            Number(
                                                20,
                                            ),
                                            SimpleSpan {
                                                start: 354,
                                                end: 356,
                                                context: (),
                                            },
                                        ),
                                    ],
                                ),
                                SimpleSpan {
                                    start: 346,
                                    end: 357,
                                    context: (),
                                },
                            ),
                        ],
                    ),
                    SimpleSpan {
                        start: 334,
                        end: 358,
                        context: (),
                    },
                ),
                (
                    List(
                        [
                            (
                                Identifier(
                                    "print_line",
                                ),
                                SimpleSpan {
                                    start: 362,
                                    end: 372,
                                    context: (),
                                },
                            ),
                            (
                                String(
                                    "Testing nested arithmetic:",
                                ),
                                SimpleSpan {
                                    start: 373,
                                    end: 401,
                                    context: (),
                                },
                            ),
                        ],
                    ),
                    SimpleSpan {
                        start: 361,
                        end: 402,
                        context: (),
                    },
                ),
                (
                    List(
                        [
                            (
                                Identifier(
                                    "print_line",
                                ),
                                SimpleSpan {
                                    start: 406,
                                    end: 416,
                                    context: (),
                                },
                            ),
                            (
                                List(
                                    [
                                        (
                                            Identifier(
                                                "+",
                                            ),
                                            SimpleSpan {
                                                start: 418,
                                                end: 419,
                                                context: (),
                                            },
                                        ),
                                        (
                                            List(
                                                [
                                                    (
                                                        Identifier(
                                                            "*",
                                                        ),
                                                        SimpleSpan {
                                                            start: 421,
                                                            end: 422,
                                                            context: (),
                                                        },
                                                    ),
                                                    (
                                                        Number(
                                                            3,
                                                        ),
                                                        SimpleSpan {
                                                            start: 423,
                                                            end: 424,
                                                            context: (),
                                                        },
                                                    ),
                                                    (
                                                        Number(
                                                            4,
                                                        ),
                                                        SimpleSpan {
                                                            start: 425,
                                                            end: 426,
                                                            context: (),
                                                        },
                                                    ),
                                                ],
                                            ),
                                            SimpleSpan {
                                                start: 420,
                                                end: 427,
                                                context: (),
                                            },
                                        ),
                                        (
                                            List(
                                                [
                                                    (
                                                        Identifier(
                                                            "/",
                                                        ),
                                                        SimpleSpan {
                                                            start: 429,
                                                            end: 430,
                                                            context: (),
                                                        },
                                                    ),
                                                    (
                                                        Number(
                                                            15,
                                                        ),
                                                        SimpleSpan {
                                                            start: 431,
                                                            end: 433,
                                                            context: (),
                                                        },
                                                    ),
                                                    (
                                                        Number(
                                                            3,
                                                        ),
                                                        SimpleSpan {
                                                            start: 434,
                                                            end: 435,
                                                            context: (),
                                                        },
                                                    ),
                                                ],
                                            ),
                                            SimpleSpan {
                                                start: 428,
                                                end: 436,
                                                context: (),
                                            },
                                        ),
                                    ],
                                ),
                                SimpleSpan {
                                    start: 417,
                                    end: 437,
                                    context: (),
                                },
                            ),
                        ],
                    ),
                    SimpleSpan {
                        start: 405,
                        end: 438,
                        context: (),
                    },
                ),
                (
                    List(
                        [
                            (
                                Identifier(
                                    "print_line",
                                ),
                                SimpleSpan {
                                    start: 442,
                                    end: 452,
                                    context: (),
                                },
                            ),
                            (
                                String(
                                    "Testing string operations:",
                                ),
                                SimpleSpan {
                                    start: 453,
                                    end: 481,
                                    context: (),
                                },
                            ),
                        ],
                    ),
                    SimpleSpan {
                        start: 441,
                        end: 482,
                        context: (),
                    },
                ),
                (
                    List(
                        [
                            (
                                Identifier(
                                    "print_line",
                                ),
                                SimpleSpan {
                                    start: 486,
                                    end: 496,
                                    context: (),
                                },
                            ),
                            (
                                String(
                                    "Hello, Tribute World!",
                                ),
                                SimpleSpan {
                                    start: 497,
                                    end: 520,
                                    context: (),
                                },
                            ),
                        ],
                    ),
                    SimpleSpan {
                        start: 485,
                        end: 521,
                        context: (),
                    },
                ),
            ],
        ),
        SimpleSpan {
            start: 271,
            end: 522,
            context: (),
        },
    ),
]
