---
source: tests/parse.rs
expression: hir
---
HirProgram {
    [salsa id]: Id(1800),
    functions: {
        "main": HirFunction {
            [salsa id]: Id(1400),
            name: "main",
            params: [],
            body: [
                HirExpr {
                    [salsa id]: Id(1000),
                    expr: Let {
                        var: "x",
                        value: (
                            Number(
                                42,
                            ),
                            Span {
                                start: 213,
                                end: 215,
                            },
                        ),
                    },
                    span: Span {
                        start: 213,
                        end: 215,
                    },
                },
                HirExpr {
                    [salsa id]: Id(1001),
                    expr: Let {
                        var: "y",
                        value: (
                            Call {
                                func: (
                                    Variable(
                                        "+",
                                    ),
                                    Span {
                                        start: 228,
                                        end: 233,
                                    },
                                ),
                                args: [
                                    (
                                        Variable(
                                            "x",
                                        ),
                                        Span {
                                            start: 228,
                                            end: 229,
                                        },
                                    ),
                                    (
                                        Number(
                                            8,
                                        ),
                                        Span {
                                            start: 232,
                                            end: 233,
                                        },
                                    ),
                                ],
                            },
                            Span {
                                start: 228,
                                end: 233,
                            },
                        ),
                    },
                    span: Span {
                        start: 228,
                        end: 233,
                    },
                },
                HirExpr {
                    [salsa id]: Id(1002),
                    expr: Call {
                        func: (
                            Variable(
                                "print_line",
                            ),
                            Span {
                                start: 238,
                                end: 273,
                            },
                        ),
                        args: [
                            (
                                StringInterpolation(
                                    StringInterpolation {
                                        text: "Testing let bindings:",
                                        segments: [],
                                    },
                                ),
                                Span {
                                    start: 249,
                                    end: 272,
                                },
                            ),
                        ],
                    },
                    span: Span {
                        start: 238,
                        end: 273,
                    },
                },
                HirExpr {
                    [salsa id]: Id(1003),
                    expr: Call {
                        func: (
                            Variable(
                                "print_line",
                            ),
                            Span {
                                start: 278,
                                end: 291,
                            },
                        ),
                        args: [
                            (
                                Variable(
                                    "x",
                                ),
                                Span {
                                    start: 289,
                                    end: 290,
                                },
                            ),
                        ],
                    },
                    span: Span {
                        start: 278,
                        end: 291,
                    },
                },
                HirExpr {
                    [salsa id]: Id(1004),
                    expr: Call {
                        func: (
                            Variable(
                                "print_line",
                            ),
                            Span {
                                start: 296,
                                end: 309,
                            },
                        ),
                        args: [
                            (
                                Variable(
                                    "y",
                                ),
                                Span {
                                    start: 307,
                                    end: 308,
                                },
                            ),
                        ],
                    },
                    span: Span {
                        start: 296,
                        end: 309,
                    },
                },
                HirExpr {
                    [salsa id]: Id(1005),
                    expr: Call {
                        func: (
                            Variable(
                                "print_line",
                            ),
                            Span {
                                start: 314,
                                end: 331,
                            },
                        ),
                        args: [
                            (
                                Call {
                                    func: (
                                        Variable(
                                            "+",
                                        ),
                                        Span {
                                            start: 325,
                                            end: 330,
                                        },
                                    ),
                                    args: [
                                        (
                                            Variable(
                                                "x",
                                            ),
                                            Span {
                                                start: 325,
                                                end: 326,
                                            },
                                        ),
                                        (
                                            Variable(
                                                "y",
                                            ),
                                            Span {
                                                start: 329,
                                                end: 330,
                                            },
                                        ),
                                    ],
                                },
                                Span {
                                    start: 325,
                                    end: 330,
                                },
                            ),
                        ],
                    },
                    span: Span {
                        start: 314,
                        end: 331,
                    },
                },
            ],
            span: Span {
                start: 189,
                end: 333,
            },
        },
    },
    main: Some(
        "main",
    ),
}
