---
source: src/pipeline.rs
expression: observed
---
[
    "forbidden op effect.dispatch_cps",
    "forbidden op effect.dispatch_tail",
    "forbidden op effect.extend",
    "forbidden attribute tribute.calling_convention",
    "forbidden attribute tribute.closure_environment_index",
    "forbidden attribute tribute.cps_continuation_frame_result",
    "unclassified attribute tribute.compiler_intrinsic",
    "unclassified attribute tribute.root_cps_call",
]
