---
source: tests/integration/active_pipeline_goldens.rs
expression: "pipeline_contract_summary(&ir_text, false)"
---
bump: Some(Cps) (core.array<adt.struct<_Marker>>, Frame<core.i32>) -> (core.never)
  effect.dispatch_cps operands=4 results=0: 1
main: Some(Direct) () -> (core.nil)
  func.call operands=0 results=1: 1
  func.return operands=1 results=0: 1
run_state: Some(Direct) () -> (core.i32)
  effect.delimit operands=1 results=1: 1
  func.return operands=1 results=0: 1
