---
source: crates/tribute-front/tests/case_type.rs
assertion_line: 98
expression: ir_text
---
core.module @test {
  !Option = adt.enum() {name = @Option, variants = [[@Some, [tribute_rt.anyref]], [@None, []]]}
  !t0 = core.func(core.i32, tribute_rt.anyref, core.i32)

  func.func @unwrap_or(%0: tribute_rt.anyref, %1: core.i32) -> core.i32 {
    ^bb0:
      %2 = adt.variant_is %0 {tag = @Some, type = !Option} : core.i1
      %3 = scf.if %2 : core.i32 {
          %4 = adt.variant_cast %0 {tag = @Some, type = !Option} : !Option
          %5 = adt.variant_get %4 {field = 0, tag = @Some, type = !Option} : tribute_rt.anyref
          %6 = core.unrealized_conversion_cast %5 : core.i32
          scf.yield %6
      } {
          %7 = adt.variant_cast %0 {tag = @None, type = !Option} : !Option
          scf.yield %1
      }
      func.return %3
  }
}
