---
source: crates/tribute-front/tests/case_type.rs
expression: ir_module
---
Module(test) {
    operations: [
        func @invert(core.i1) -> core.i1 {
            body: [
                "arith.const",
                "arith.cmp_eq",
                "scf.if",
                "func.return",
            ],
        },
    ],
}
