---
source: crates/tribute-front/tests/case_type.rs
expression: ir_module
---
Module(test) {
    operations: [
        func @unwrap_or(tribute_rt.any, core.i32) -> core.i32 {
            body: [
                "adt.variant_is",
                "scf.if",
                "func.return",
            ],
        },
    ],
}
