---
source: crates/tribute-front/tests/cps_lowering.rs
expression: "run_ast_pipeline_with_ir(db, source)"
---
core.module @test {
  !t0 = closure.closure(core.func(tribute_rt.anyref, tribute_rt.anyref))
  !t1 = core.array(adt.struct() {fields = [[@ability_id, core.i32], [@prompt_tag, core.i32], [@tr_dispatch_fn, core.ptr], [@handler_dispatch, core.ptr]], name = @_Marker})
  !t2 = closure.closure(core.func(tribute_rt.anyref, !t1, tribute_rt.anyref))

  func.func @"test::__lambda_0"(%0: !t1, %1: tribute_rt.anyref, %2: tribute_rt.anyref) -> tribute_rt.anyref {
      func.return %2
  }
  func.func @run() -> core.i32 attributes {tribute.calling_convention = 0} {
      %0 = closure.lambda(%1: tribute_rt.anyref) -> tribute_rt.anyref {
          %2 = ability.perform %1 {ability_ref = core.ability_ref() {name = @State}, op_name = @get} : tribute_rt.anyref
          func.return %2
      }
      %3 = adt.ref_null {type = tribute_rt.anyref} : tribute_rt.anyref
      %4 = closure.new %3 {func_ref = @"test::__lambda_0"} : !t0
      %5 = func.call_indirect %0, %4 : tribute_rt.anyref
      %6 = closure.lambda(%7: tribute_rt.anyref, %8: core.i32, %9: tribute_rt.anyref) -> tribute_rt.anyref {
          %10 = arith.const {value = 1} : core.i1
          %11 = scf.if %10 : tribute_rt.anyref {
              %12 = adt.ref_null {type = tribute_rt.anyref} : tribute_rt.anyref
              %13 = closure.new %12 {func_ref = @"test::__lambda_0"} : !t0
              %14 = closure.lambda(%15: !t1, %16: tribute_rt.anyref) -> tribute_rt.anyref {tribute.calling_convention = 2} [%7] {
                  %17 = arith.const {value = 41} : core.i32
                  %18 = core.unrealized_conversion_cast %7 : !t0
                  %19 = core.unrealized_conversion_cast %17 : tribute_rt.anyref
                  %20 = func.call_indirect %18, %19 : tribute_rt.anyref
                  %21 = core.unrealized_conversion_cast %16 : !t0
                  %22 = func.call_indirect %21, %20 : tribute_rt.anyref
                  func.return %22
              }
              %23 = closure.lambda(%24: tribute_rt.anyref) -> tribute_rt.anyref [%13] {
                  %25 = arith.const {value = 1} : core.i32
                  %26 = core.unrealized_conversion_cast %24 : core.i32
                  %27 = func.call %26, %25 {callee = @"Nat::+", tribute.calling_convention = 0} : core.i32
                  %28 = core.unrealized_conversion_cast %27 : tribute_rt.anyref
                  %29 = func.call_indirect %13, %28 : tribute_rt.anyref
                  func.return %29
              }
              %30 = adt.ref_null {type = !t1} : !t1
              %31 = func.call_indirect %14, %30, %23 {tribute.calling_convention = 2} : tribute_rt.anyref
              scf.yield %31
          } {
              func.unreachable
          }
          func.return %11
      }
      %32 = arith.const {value = 0} : tribute_rt.anyref
      %33 = ability.handle_dispatch %5, %6, %32 {result_type = tribute_rt.anyref, tag = 0} : tribute_rt.anyref {
          ability.done {
            ^bb8(%34: tribute_rt.anyref):
              %35 = adt.ref_null {type = tribute_rt.anyref} : tribute_rt.anyref
              %36 = closure.new %35 {func_ref = @"test::__lambda_0"} : !t0
              %37 = func.call_indirect %36, %34 : tribute_rt.anyref
              scf.yield %37
          }
          ability.suspend {ability_ref = core.ability_ref() {name = @State}, op_name = @get} {
            ^bb9(%38: tribute_rt.anyref, %39: tribute_rt.anyref):
              %40 = adt.ref_null {type = tribute_rt.anyref} : tribute_rt.anyref
              %41 = closure.new %40 {func_ref = @"test::__lambda_0"} : !t0
              %42 = closure.lambda(%43: !t1, %44: tribute_rt.anyref) -> tribute_rt.anyref {tribute.calling_convention = 2} [%38] {
                  %45 = arith.const {value = 41} : core.i32
                  %46 = core.unrealized_conversion_cast %38 : !t0
                  %47 = core.unrealized_conversion_cast %45 : tribute_rt.anyref
                  %48 = func.call_indirect %46, %47 : tribute_rt.anyref
                  %49 = core.unrealized_conversion_cast %44 : !t0
                  %50 = func.call_indirect %49, %48 : tribute_rt.anyref
                  func.return %50
              }
              %51 = closure.lambda(%52: tribute_rt.anyref) -> tribute_rt.anyref [%41] {
                  %53 = arith.const {value = 1} : core.i32
                  %54 = core.unrealized_conversion_cast %52 : core.i32
                  %55 = func.call %54, %53 {callee = @"Nat::+", tribute.calling_convention = 0} : core.i32
                  %56 = core.unrealized_conversion_cast %55 : tribute_rt.anyref
                  %57 = func.call_indirect %41, %56 : tribute_rt.anyref
                  func.return %57
              }
              %58 = adt.ref_null {type = !t1} : !t1
              %59 = func.call_indirect %42, %58, %51 {tribute.calling_convention = 2} : tribute_rt.anyref
              scf.yield %59
          }
      }
      %60 = core.unrealized_conversion_cast %33 : core.i32
      func.return %60
  }
  func.func @main() -> core.nil attributes {tribute.calling_convention = 0} {
      %0 = arith.const {value = unit} : core.nil
      func.return %0
  }
}
