---
source: crates/tribute-front/tests/cps_lowering.rs
expression: "run_ast_pipeline_with_ir(db, source)"
---
core.module @test {
  !t0 = closure.closure(core.func(tribute_rt.anyref, tribute_rt.anyref))
  !__tribute_cps_control = adt.enum() {name = @__tribute_cps_control, variants = [[@Normal, [tribute_rt.anyref]], [@Escape, [core.i32, tribute_rt.anyref]]]}
  !t1 = core.array(adt.struct() {fields = [[@ability_id, core.i32], [@prompt_tag, core.i32], [@tr_dispatch_fn, core.ptr], [@handler_dispatch, core.ptr]], name = @_Marker})
  !Boxed = adt.enum() {name = @Boxed, variants = [[@Boxed, [tribute_rt.anyref]]]}

  func.func @read(%0: !t1, %1: tribute_rt.anyref) -> tribute_rt.anyref attributes {tribute.calling_convention = 2} {
      %2 = ability.legacy_perform %1 {ability_ref = core.ability_ref() {name = @Flag}, op_name = @read} : tribute_rt.anyref
      func.return %2
  }
  func.func @"test::__lambda_0"(%0: !t1, %1: tribute_rt.anyref, %2: tribute_rt.anyref) -> tribute_rt.anyref {
      %3 = adt.variant_new %2 {tag = @Normal, type = !__tribute_cps_control} : tribute_rt.anyref
      func.return %3
  }
  func.func @run(%0: !t1, %1: tribute_rt.anyref) -> tribute_rt.anyref attributes {tribute.calling_convention = 2} {
      %2 = closure.lambda(%3: tribute_rt.anyref) -> tribute_rt.anyref [%1] {
          %4 = core.unrealized_conversion_cast %3 : core.nil
          %5 = closure.lambda(%6: !t1, %7: tribute_rt.anyref) -> tribute_rt.anyref {tribute.calling_convention = 2} {
              %8 = arith.const {value = true} : core.i1
              %9 = arith.const {value = true} : core.i1
              %10 = arith.cmpi %8, %9 {predicate = @eq} : core.i1
              %11 = scf.if %10 : tribute_rt.anyref {
                  %12 = arith.const {value = false} : core.i1
                  %13 = scf.if %12 : tribute_rt.anyref {
                      %14 = arith.const {value = true} : core.i1
                      %15 = core.unrealized_conversion_cast %7 : !t0
                      %16 = core.unrealized_conversion_cast %14 : tribute_rt.anyref
                      %17 = func.call_indirect %15, %16 : tribute_rt.anyref
                      scf.yield %17
                  } {
                      %18 = closure.lambda(%19: tribute_rt.anyref) -> tribute_rt.anyref {
                          %20 = func.call %6, %19 {callee = @read, tribute.calling_convention = 2} : tribute_rt.anyref
                          func.return %20
                      }
                      %21 = adt.ref_null {type = tribute_rt.anyref} : tribute_rt.anyref
                      %22 = closure.new %21 {func_ref = @"test::__lambda_0"} : !t0
                      %23 = func.call_indirect %18, %22 : tribute_rt.anyref
                      %24 = closure.lambda(%25: tribute_rt.anyref, %26: core.i32, %27: core.i32, %28: tribute_rt.anyref) -> tribute_rt.anyref {
                          %29 = arith.const {value = 1} : core.i1
                          %30 = scf.if %29 : tribute_rt.anyref {
                              %31 = closure.lambda(%32: tribute_rt.anyref) -> tribute_rt.anyref [%26] {
                                  %33 = adt.variant_new %26, %32 {tag = @Escape, type = !__tribute_cps_control} : tribute_rt.anyref
                                  func.return %33
                              }
                              %34 = arith.const {value = true} : core.i1
                              %35 = core.unrealized_conversion_cast %25 : !t0
                              %36 = core.unrealized_conversion_cast %34 : tribute_rt.anyref
                              %37 = func.call_indirect %35, %36 : tribute_rt.anyref
                              %38 = adt.variant_is %37 {tag = @Normal, type = !__tribute_cps_control} : core.i1
                              %39 = scf.if %38 : tribute_rt.anyref {
                                  %40 = adt.variant_cast %37 {tag = @Normal, type = !__tribute_cps_control} : tribute_rt.anyref
                                  %41 = adt.variant_get %40 {field = 0, tag = @Normal, type = !__tribute_cps_control} : tribute_rt.anyref
                                  %42 = func.call_indirect %31, %41 : tribute_rt.anyref
                                  %43 = adt.variant_cast %42 {tag = @Escape, type = !__tribute_cps_control} : tribute_rt.anyref
                                  %44 = adt.variant_get %43 {field = 0, tag = @Escape, type = !__tribute_cps_control} : core.i32
                                  %45 = adt.variant_get %43 {field = 1, tag = @Escape, type = !__tribute_cps_control} : tribute_rt.anyref
                                  %46 = arith.cmpi %44, %26 {predicate = @eq} : core.i1
                                  %47 = scf.if %46 : tribute_rt.anyref {
                                      %48 = adt.variant_new %45 {tag = @Normal, type = !__tribute_cps_control} : tribute_rt.anyref
                                      scf.yield %48
                                  } {
                                      scf.yield %42
                                  }
                                  scf.yield %47
                              } {
                                  scf.yield %37
                              }
                              scf.yield %39
                          } {
                              func.unreachable
                          }
                          func.return %30
                      }
                      %49 = arith.const {value = 0} : tribute_rt.anyref
                      %50 = effect.fresh_prompt_tag : core.i32
                      %51 = ability.legacy_handle_dispatch %23, %50, %24, %49 {result_type = tribute_rt.anyref, tag = 0} : tribute_rt.anyref {
                          ability.done {
                            ^bb16(%52: tribute_rt.anyref):
                              %53 = core.unrealized_conversion_cast %52 : core.i1
                              %54 = core.unrealized_conversion_cast %7 : !t0
                              %55 = core.unrealized_conversion_cast %53 : tribute_rt.anyref
                              %56 = func.call_indirect %54, %55 : tribute_rt.anyref
                              scf.yield %56
                          }
                          ability.suspend {ability_ref = core.ability_ref() {name = @Flag}, op_name = @read} {
                            ^bb17(%57: tribute_rt.anyref, %58: tribute_rt.anyref):
                              scf.yield %58
                          }
                      } {
                        ^bb18(%59: tribute_rt.anyref):
                          %60 = core.unrealized_conversion_cast %7 : !t0
                          %61 = func.call_indirect %60, %59 : tribute_rt.anyref
                          scf.yield %61
                      }
                      scf.yield %51
                  }
                  scf.yield %13
              } {
                  %62 = arith.const {value = false} : core.i1
                  %63 = core.unrealized_conversion_cast %7 : !t0
                  %64 = core.unrealized_conversion_cast %62 : tribute_rt.anyref
                  %65 = func.call_indirect %63, %64 : tribute_rt.anyref
                  scf.yield %65
              }
              func.return %11
          }
          %66 = core.unrealized_conversion_cast %5 : tribute_rt.anyref
          %67 = adt.variant_new %66 {tag = @Boxed, type = !Boxed} : tribute_rt.anyref
          %68 = core.unrealized_conversion_cast %1 : !t0
          %69 = func.call_indirect %68, %67 : tribute_rt.anyref
          func.return %69
      }
      %70 = ability.legacy_perform %2 {ability_ref = core.ability_ref() {name = @Trace}, op_name = @before} : tribute_rt.anyref
      func.return %70
  }
  func.func @main() -> core.nil attributes {tribute.calling_convention = 0} {
      %0 = arith.const {value = unit} : core.nil
      func.return %0
  }
}
