---
source: crates/tribute-front/tests/cps_lowering.rs
expression: ir_text
---
core.module @test {
  func.func @get_state() -> core.i32 effects core.effect_row(core.ability_ref(core.i32) {name = @State}) {tail_var_id = 0} {
      %0 = closure.lambda : closure.closure(core.func(tribute_rt.anyref, tribute_rt.anyref)) {
        ^bb1(%1: tribute_rt.anyref):
          func.return %1
      }
      %2 = ability.perform %0 {ability_ref = core.ability_ref() {name = @State}, op_name = @get} : tribute_rt.anyref
      func.return %2
  }
  func.func @main() -> core.nil {
      %0 = arith.const {value = unit} : core.nil
      func.return %0
  }
}
