---
source: crates/tribute-front/tests/cps_lowering.rs
expression: ir_text
---
core.module @test {
  !t0 = core.array(adt.struct() {fields = [[@ability_id, core.i32], [@prompt_tag, core.i32], [@tr_dispatch_fn, core.ptr], [@handler_dispatch, core.ptr]], name = @_Marker})
  !t1 = closure.closure(core.func(tribute_rt.anyref, tribute_rt.anyref))

  func.func @get_state(%0: !t0, %1: tribute_rt.anyref) -> tribute_rt.anyref effects core.effect_row(core.ability_ref(core.i32) {name = @State}) {tail_var_id = 0} {
      %2 = ability.call {ability_ref = core.ability_ref() {name = @State}, op_name = @get} : tribute_rt.anyref
      %3 = core.unrealized_conversion_cast %2 : core.i32
      %4 = core.unrealized_conversion_cast %3 : tribute_rt.anyref
      %5 = core.unrealized_conversion_cast %1 : !t1
      %6 = func.call_indirect %5, %4 : tribute_rt.anyref
      func.return %6
  }
  func.func @"test::__lambda_0"(%0: !t0, %1: tribute_rt.anyref, %2: tribute_rt.anyref) -> tribute_rt.anyref {
      func.return %2
  }
  func.func @"test::__lambda_1"(%0: !t0, %1: tribute_rt.anyref, %2: tribute_rt.anyref) -> tribute_rt.anyref {
      func.return %2
  }
  func.func @"test::__lambda_2"(%0: !t0, %1: tribute_rt.anyref, %2: tribute_rt.anyref) -> tribute_rt.anyref {
      func.return %2
  }
  func.func @"test::__lambda_3"(%0: !t0, %1: tribute_rt.anyref, %2: tribute_rt.anyref) -> tribute_rt.anyref {
      func.return %2
  }
  func.func @"test::__lambda_4"(%0: !t0, %1: tribute_rt.anyref, %2: tribute_rt.anyref) -> tribute_rt.anyref {
      func.return %2
  }
  func.func @run() -> core.i32 {
      %0 = closure.lambda(%1: tribute_rt.anyref) -> tribute_rt.anyref effects core.effect_row(core.ability_ref() {name = @State}, core.ability_ref() {name = @State}) {tail_var_id = 0} {
          %2 = adt.ref_null {type = !t0} : !t0
          %3 = func.call %2, %1 {callee = @get_state} : tribute_rt.anyref
          func.return %3
      }
      %4 = adt.ref_null {type = tribute_rt.anyref} : tribute_rt.anyref
      %5 = closure.new %4 {func_ref = @"test::__lambda_0"} : !t1
      %6 = func.call_indirect %0, %5 : tribute_rt.anyref
      %7 = closure.lambda(%8: tribute_rt.anyref, %9: core.i32, %10: tribute_rt.anyref) -> tribute_rt.anyref effects core.effect_row(core.ability_ref() {name = @State}, core.ability_ref() {name = @State}) {tail_var_id = 0} {
          %11 = arith.const {value = 1972422014} : core.i32
          %12 = arith.cmpi %9, %11 {predicate = @eq} : core.i1
          %13 = scf.if %12 : tribute_rt.anyref {
              %14 = adt.ref_null {type = tribute_rt.anyref} : tribute_rt.anyref
              %15 = closure.new %14 {func_ref = @"test::__lambda_3"} : !t1
              %16 = arith.const {value = 42} : core.i32
              %17 = core.unrealized_conversion_cast %16 : tribute_rt.anyref
              scf.yield %17
          } {
              %18 = arith.const {value = 1} : core.i1
              %19 = scf.if %18 : tribute_rt.anyref {
                  %20 = adt.ref_null {type = tribute_rt.anyref} : tribute_rt.anyref
                  %21 = closure.new %20 {func_ref = @"test::__lambda_4"} : !t1
                  %22 = arith.const {value = unit} : core.nil
                  %23 = core.unrealized_conversion_cast %22 : tribute_rt.anyref
                  scf.yield %23
              } {
                  func.unreachable
              }
              scf.yield %19
          }
          func.return %13
      }
      %24 = closure.lambda(%25: core.i32, %26: tribute_rt.anyref) -> tribute_rt.anyref effects core.effect_row(core.ability_ref() {name = @State}, core.ability_ref() {name = @State}) {tail_var_id = 0} {
          %27 = arith.const {value = 1972422014} : core.i32
          %28 = arith.cmpi %25, %27 {predicate = @eq} : core.i1
          %29 = scf.if %28 : tribute_rt.anyref {
              %30 = arith.const {value = 42} : core.i32
              %31 = core.unrealized_conversion_cast %30 : tribute_rt.anyref
              scf.yield %31
          } {
              %32 = arith.const {value = 1} : core.i1
              %33 = scf.if %32 : tribute_rt.anyref {
                  %34 = arith.const {value = unit} : core.nil
                  %35 = core.unrealized_conversion_cast %34 : tribute_rt.anyref
                  scf.yield %35
              } {
                  func.unreachable
              }
              scf.yield %33
          }
          func.return %29
      }
      %36 = ability.handle_dispatch %6, %7, %24 {result_type = tribute_rt.anyref, tag = 0} : tribute_rt.anyref {
          ability.done {
            ^bb13(%37: tribute_rt.anyref):
              %38 = core.unrealized_conversion_cast %37 : core.i32
              scf.yield %38
          }
          ability.yield {ability_ref = core.ability_ref() {name = @State}, op_name = @get} {
            ^bb14(%39: tribute_rt.anyref, %40: tribute_rt.anyref):
              %41 = adt.ref_null {type = tribute_rt.anyref} : tribute_rt.anyref
              %42 = closure.new %41 {func_ref = @"test::__lambda_1"} : !t1
              %43 = arith.const {value = 42} : core.i32
              %44 = core.unrealized_conversion_cast %43 : tribute_rt.anyref
              scf.yield %44
          }
          ability.yield {ability_ref = core.ability_ref() {name = @State}, op_name = @set} {
            ^bb15(%45: tribute_rt.anyref, %46: tribute_rt.anyref):
              %47 = adt.ref_null {type = tribute_rt.anyref} : tribute_rt.anyref
              %48 = closure.new %47 {func_ref = @"test::__lambda_2"} : !t1
              %49 = arith.const {value = unit} : core.nil
              %50 = core.unrealized_conversion_cast %49 : tribute_rt.anyref
              scf.yield %50
          }
      }
      %51 = core.unrealized_conversion_cast %36 : core.i32
      func.return %51
  }
  func.func @main() -> core.nil {
      %0 = arith.const {value = unit} : core.nil
      func.return %0
  }
}
