---
source: crates/tribute-front/tests/cps_lowering.rs
expression: ir_text
---
core.module @test {
  func.func @increment() -> core.i32 effects core.effect_row(core.ability_ref(core.i32) {name = @State}) {tail_var_id = 0} {
      %0 = closure.lambda(%1: tribute_rt.anyref) -> tribute_rt.anyref {
          %2 = core.unrealized_conversion_cast %1 : core.i32
          %3 = arith.const {value = 1} : core.i32
          %4 = arith.add %2, %3 : core.i32
          %5 = core.unrealized_conversion_cast %4 : tribute_rt.anyref
          func.return %5
      }
      %6 = ability.perform %0 {ability_ref = core.ability_ref() {name = @State}, op_name = @get} : tribute_rt.anyref
      func.return %6
  }
  func.func @main() -> core.nil {
      %0 = arith.const {value = unit} : core.nil
      func.return %0
  }
}
