---
source: crates/tribute-front/tests/cps_lowering.rs
expression: ir_text
---
core.module @test {
  func.func @get_state() -> core.i32 effects core.effect_row(core.ability_ref(core.i32) {name = @State}) {tail_var_id = 0} {
      %0 = ability.call {ability_ref = core.ability_ref() {name = @State}, op_name = @get} : tribute_rt.anyref
      %1 = core.unrealized_conversion_cast %0 : core.i32
      func.return %1
  }
  func.func @run() -> core.i32 {
      %0 = closure.lambda() -> tribute_rt.anyref effects core.effect_row(core.ability_ref() {name = @State}, core.ability_ref() {name = @State}) {tail_var_id = 0} {
          %1 = func.call {callee = @get_state} : core.i32
          %2 = core.unrealized_conversion_cast %1 : tribute_rt.anyref
          func.return %2
      }
      %3 = func.call_indirect %0 : tribute_rt.anyref
      %4 = closure.lambda(%5: tribute_rt.anyref, %6: core.i32, %7: tribute_rt.anyref) -> tribute_rt.anyref effects core.effect_row(core.ability_ref() {name = @State}, core.ability_ref() {name = @State}) {tail_var_id = 0} {
          %8 = arith.const {value = 1972422014} : core.i32
          %9 = arith.cmp_eq %6, %8 : core.i1
          %10 = scf.if %9 : tribute_rt.anyref {
              %11 = arith.const {value = 42} : core.i32
              %12 = core.unrealized_conversion_cast %11 : tribute_rt.anyref
              scf.yield %12
          } {
              %13 = arith.const {value = 1} : core.i1
              %14 = scf.if %13 : tribute_rt.anyref {
                  %15 = arith.const {value = unit} : core.nil
                  %16 = core.unrealized_conversion_cast %15 : tribute_rt.anyref
                  scf.yield %16
              } {
                  func.unreachable
              }
              scf.yield %14
          }
          func.return %10
      }
      %17 = closure.lambda(%18: core.i32, %19: tribute_rt.anyref) -> tribute_rt.anyref effects core.effect_row(core.ability_ref() {name = @State}, core.ability_ref() {name = @State}) {tail_var_id = 0} {
          %20 = arith.const {value = 1972422014} : core.i32
          %21 = arith.cmp_eq %18, %20 : core.i1
          %22 = scf.if %21 : tribute_rt.anyref {
              %23 = arith.const {value = 42} : core.i32
              %24 = core.unrealized_conversion_cast %23 : tribute_rt.anyref
              scf.yield %24
          } {
              %25 = arith.const {value = 1} : core.i1
              %26 = scf.if %25 : tribute_rt.anyref {
                  %27 = arith.const {value = unit} : core.nil
                  %28 = core.unrealized_conversion_cast %27 : tribute_rt.anyref
                  scf.yield %28
              } {
                  func.unreachable
              }
              scf.yield %26
          }
          func.return %22
      }
      %29 = ability.handle_dispatch %3, %4, %17 {result_type = tribute_rt.anyref, tag = 0} : tribute_rt.anyref {
          ability.done {
            ^bb13(%30: tribute_rt.anyref):
              %31 = core.unrealized_conversion_cast %30 : core.i32
              scf.yield %31
          }
          ability.yield {ability_ref = core.ability_ref() {name = @State}, op_name = @get} {
            ^bb14(%32: tribute_rt.anyref, %33: tribute_rt.anyref):
              %34 = arith.const {value = 42} : core.i32
              %35 = core.unrealized_conversion_cast %34 : tribute_rt.anyref
              scf.yield %35
          }
          ability.yield {ability_ref = core.ability_ref() {name = @State}, op_name = @set} {
            ^bb15(%36: tribute_rt.anyref, %37: tribute_rt.anyref):
              %38 = arith.const {value = unit} : core.nil
              %39 = core.unrealized_conversion_cast %38 : tribute_rt.anyref
              scf.yield %39
          }
      }
      %40 = core.unrealized_conversion_cast %29 : core.i32
      func.return %40
  }
  func.func @main() -> core.nil {
      %0 = arith.const {value = unit} : core.nil
      func.return %0
  }
}
