---
source: crates/tribute-front/tests/cps_lowering.rs
expression: ir_text
---
core.module @test {
  !__ability_args_tuple = adt.struct() {fields = [[@_0, tribute_rt.anyref], [@_1, tribute_rt.anyref]], name = @__ability_args_tuple}

  func.func @store(%0: core.array(adt.struct() {fields = [[@ability_id, core.i32], [@prompt_tag, core.i32], [@tr_dispatch_fn, core.ptr], [@handler_dispatch, core.ptr]], name = @_Marker}), %1: tribute_rt.anyref) -> tribute_rt.anyref {
      %2 = arith.const {value = 1} : core.i32
      %3 = arith.const {value = 2} : core.i32
      %4 = core.unrealized_conversion_cast %2 : tribute_rt.anyref
      %5 = core.unrealized_conversion_cast %3 : tribute_rt.anyref
      %6 = adt.struct_new %4, %5 {type = !__ability_args_tuple} : tribute_rt.anyref
      %7 = ability.call %6 {ability_ref = core.ability_ref() {name = @KV}, op_name = @put} : tribute_rt.anyref
      %8 = core.unrealized_conversion_cast %7 : core.nil
      %9 = core.unrealized_conversion_cast %8 : tribute_rt.anyref
      %10 = core.unrealized_conversion_cast %1 : closure.closure(core.func(tribute_rt.anyref, tribute_rt.anyref))
      %11 = func.call_indirect %10, %9 : tribute_rt.anyref
      func.return %11
  }
  func.func @main() -> core.nil {
      %0 = arith.const {value = unit} : core.nil
      func.return %0
  }
}
