---
source: crates/tribute-front/tests/evidence_lowering.rs
expression: ir_text
---
core.module @test {
  !t0 = tribute_control.func_sig<() -> core.i32> {tribute.calling_convention = 2}

  tribute_control.func @get_count() -> core.i32 convention(cps) {
      %0 = tribute_control.perform {ability_ref = core.ability_ref() {name = @Counter}, op_name = @inc, operation_kind = @op} : core.i32
      tribute_control.return %0
  }
  tribute_control.func @"Nat::+"(%arg0: core.i32, %arg1: core.i32) -> core.i32 convention(direct)
  tribute_control.func @use_counter() -> core.i32 convention(cps) {
      %0 = tribute_control.call {callee = @get_count} : core.i32
      %1 = tribute_control.call {callee = @get_count} : core.i32
      %2 = tribute_control.call %0, %1 {callee = @"Nat::+"} : core.i32
      tribute_control.return %2
  }
  tribute_control.func @main() -> core.nil convention(direct) {
      %0 = arith.const {value = unit} : core.nil
      tribute_control.return %0
  }
}
