---
source: crates/tribute-front/tests/expr_coverage.rs
expression: ir_text
---
core.module @test {
  !t0 = closure.closure(core.func(tribute_rt.anyref, tribute_rt.anyref))
  !__tuple_i1_i1 = adt.struct() {fields = [[@0, core.i1], [@1, core.i1]], name = @__tuple_i1_i1}

  func.func @comparisons(%0: core.array(adt.struct() {fields = [[@ability_id, core.i32], [@prompt_tag, core.i32], [@tr_dispatch_fn, core.ptr], [@handler_dispatch, core.ptr]], name = @_Marker}), %1: tribute_rt.anyref, %2: tribute_rt.anyref, %3: tribute_rt.anyref) -> tribute_rt.anyref attributes {tribute.calling_convention = 2} {
      %4 = closure.lambda(%5: tribute_rt.anyref) -> tribute_rt.anyref [%3, %2, %1] {
          %6 = core.unrealized_conversion_cast %5 : core.i1
          %7 = closure.lambda(%8: tribute_rt.anyref) -> tribute_rt.anyref [%6, %1] {
              %9 = core.unrealized_conversion_cast %8 : core.i1
              %10 = adt.struct_new %6, %9 {type = !__tuple_i1_i1} : adt.typeref() {name = @__tuple_i1_i1}
              %11 = core.unrealized_conversion_cast %1 : !t0
              %12 = core.unrealized_conversion_cast %10 : tribute_rt.anyref
              %13 = func.call_indirect %11, %12 : tribute_rt.anyref
              func.return %13
          }
          %14 = func.call %0, %7, %2, %3 {callee = @"String::!=", tribute.calling_convention = 2} : tribute_rt.anyref
          func.return %14
      }
      %15 = func.call %0, %4, %2, %3 {callee = @"String::==", tribute.calling_convention = 2} : tribute_rt.anyref
      func.return %15
  }
}
