---
source: crates/tribute-front/tests/lambda_effect_type.rs
assertion_line: 103
expression: ir_module
---
Module(test) {
    operations: [
        func @test::__lambda_0(adt.struct, tribute_rt.any) -> tribute_rt.any {
            body: [
                "adt.struct_get",
                "arith.add",
                "func.return",
            ],
        },
        func @apply(core.func, core.i32) -> core.i32 {
            body: [
                "func.call_indirect",
                "func.return",
            ],
        },
        func @main() -> core.i32 {
            body: [
                "arith.const",
                "adt.struct_new",
                "closure.new",
                "arith.const",
                "func.call",
                "func.return",
            ],
        },
    ],
}
