---
source: crates/tribute-front/tests/lambda_effect_type.rs
expression: ir_text
---
core.module @test {
  func.func @run_with_state(%0: core.func(core.i32) {effect = core.effect_row(core.ability_ref(core.i32) {name = @State}) {tail_var_id = 0}}) -> core.i32 {
      %1 = closure.lambda() -> tribute_rt.anyref [%0] {
          %2 = func.call_indirect %0 : core.i32
          %3 = core.unrealized_conversion_cast %2 : tribute_rt.anyref
          func.return %3
      }
      %4 = func.call_indirect %1 : tribute_rt.anyref
      %5 = closure.lambda(%6: tribute_rt.anyref, %7: core.i32, %8: tribute_rt.anyref) -> tribute_rt.anyref {
          func.unreachable
      }
      %9 = ability.handle_dispatch %4, %5 {result_type = tribute_rt.anyref, tag = 0} : tribute_rt.anyref {
          ability.done {
            ^bb4(%10: tribute_rt.anyref):
              %11 = core.unrealized_conversion_cast %10 : core.i32
              scf.yield %11
          }
      }
      %12 = core.unrealized_conversion_cast %9 : core.i32
      %13 = arith.const {value = 42} : core.i32
      %14 = arith.const {value = unit} : core.nil
      %15 = arith.const {value = unit} : core.nil
      func.return %15
  }
  func.func @main() -> core.i32 {
      %0 = closure.lambda() -> tribute_rt.anyref effects core.effect_row(core.ability_ref(core.i32) {name = @State}) {tail_var_id = 0} {
          %1 = closure.lambda(%2: tribute_rt.anyref) -> tribute_rt.anyref {
              func.return %2
          }
          %3 = ability.perform %1 {ability_ref = core.ability_ref() {name = @State}, op_name = @get} : tribute_rt.anyref
      }
      %4 = func.call %0 {callee = @run_with_state} : core.i32
      func.return %4
  }
}
