---
source: crates/tribute-front/tests/lambda_effect_type.rs
assertion_line: 319
expression: ir_text
---
core.module @test {
  func.func @with_state(%0: core.func(tribute_rt.anyref) {effect = core.effect_row(core.ability_ref(tribute_rt.anyref) {name = @State}) {tail_var_id = 1016}}, %1: tribute_rt.anyref) -> tribute_rt.anyref effects core.effect_row() {tail_var_id = 1016} {
      %2 = closure.lambda() -> tribute_rt.anyref [%0] {
          %3 = func.call_indirect %0 : tribute_rt.anyref
          func.return %3
      }
      %4 = func.call_indirect %2 : tribute_rt.anyref
      %5 = closure.lambda(%6: tribute_rt.anyref, %7: core.i32, %8: tribute_rt.anyref) -> tribute_rt.anyref {
          func.unreachable
      }
      %9 = arith.const {value = 0} : tribute_rt.anyref
      %10 = ability.handle_dispatch %4, %5, %9 {result_type = tribute_rt.anyref, tag = 0} : tribute_rt.anyref {
          ability.done {
            ^bb4(%11: tribute_rt.anyref):
              scf.yield %11
          }
      }
      %12 = ability.call {ability_ref = core.ability_ref() {name = @State}, op_name = @get} : tribute_rt.anyref
      %13 = closure.lambda() -> tribute_rt.anyref effects core.effect_row() {tail_var_id = 43} [%1] {
          %14 = arith.const {value = unit} : core.nil
          func.return %14
      }
      %15 = func.call %13, %1 {callee = @with_state} : tribute_rt.anyref
      %16 = closure.lambda() -> tribute_rt.anyref effects core.effect_row() {tail_var_id = 70} {
          %17 = arith.const {value = unit} : core.nil
          %18 = arith.const {value = unit} : core.nil
          func.return %18
      }
      %19 = arith.const {value = unit} : core.nil
      func.return %19
  }
  func.func @main() -> core.i32 {
      %0 = closure.lambda() -> tribute_rt.anyref effects core.effect_row(core.ability_ref(tribute_rt.anyref) {name = @State}) {tail_var_id = 14} {
          %1 = ability.call {ability_ref = core.ability_ref() {name = @State}, op_name = @get} : tribute_rt.anyref
          func.return %1
      }
      %2 = arith.const {value = 42} : core.i32
      %3 = core.unrealized_conversion_cast %2 : tribute_rt.anyref
      %4 = func.call %0, %3 {callee = @with_state} : tribute_rt.anyref
      %5 = core.unrealized_conversion_cast %4 : core.i32
      func.return %5
  }
}
