---
source: crates/tribute-front/tests/lambda_effect_type.rs
expression: ir_text
---
core.module @test {
  !t0 = closure.closure(core.func(tribute_rt.anyref, tribute_rt.anyref))

  func.func @counter() -> core.i32 effects core.effect_row(core.ability_ref(core.i32) {name = @State}) {tail_var_id = 0} {
      %0 = closure.lambda(%1: tribute_rt.anyref) -> tribute_rt.anyref {
          %2 = core.unrealized_conversion_cast %1 : core.i32
          %3 = arith.const {value = 1} : core.i32
          %4 = arith.add %2, %3 : core.i32
          %5 = closure.lambda(%6: tribute_rt.anyref) -> tribute_rt.anyref [%2] {
              %7 = core.unrealized_conversion_cast %6 : core.nil
              %8 = core.unrealized_conversion_cast %2 : tribute_rt.anyref
              func.return %8
          }
          %9 = ability.perform %5, %4 {ability_ref = core.ability_ref() {name = @State}, op_name = @set} : tribute_rt.anyref
      }
      %10 = ability.perform %0 {ability_ref = core.ability_ref() {name = @State}, op_name = @get} : tribute_rt.anyref
      func.return %10
  }
  func.func @run_state(%0: core.func(tribute_rt.anyref) {effect = core.effect_row(core.ability_ref(tribute_rt.anyref) {name = @State}) {tail_var_id = 1012}}, %1: tribute_rt.anyref) -> tribute_rt.anyref effects core.effect_row() {tail_var_id = 1012} {
      %2 = closure.lambda() -> tribute_rt.anyref [%0] {
          %3 = func.call_indirect %0 : tribute_rt.anyref
          func.return %3
      }
      %4 = func.call_indirect %2 : tribute_rt.anyref
      %5 = closure.lambda(%6: tribute_rt.anyref, %7: core.i32, %8: tribute_rt.anyref) -> tribute_rt.anyref {
          func.unreachable
      }
      %9 = ability.handle_dispatch %4, %5 {result_type = tribute_rt.anyref, tag = 0} : tribute_rt.anyref {
          ability.done {
            ^bb4(%10: tribute_rt.anyref):
              scf.yield %10
          }
      }
      %11 = closure.lambda() -> tribute_rt.anyref effects core.effect_row() {tail_var_id = 31} [%1] {
          %12 = arith.const {value = unit} : core.nil
          func.return %12
      }
      %13 = func.call %11, %1 {callee = @run_state} : tribute_rt.anyref
      %14 = closure.lambda() -> tribute_rt.anyref effects core.effect_row() {tail_var_id = 54} {
          %15 = arith.const {value = unit} : core.nil
          %16 = arith.const {value = unit} : core.nil
          func.return %16
      }
      %17 = arith.const {value = unit} : core.nil
      func.return %17
  }
  func.func @main() -> core.i32 {
      %0 = closure.lambda() -> tribute_rt.anyref effects core.effect_row(core.ability_ref(core.i32) {name = @State}) {tail_var_id = 3} {
          %1 = func.call {callee = @counter} : core.i32
          %2 = func.call {callee = @counter} : core.i32
          %3 = func.call {callee = @counter} : core.i32
          %4 = core.unrealized_conversion_cast %3 : tribute_rt.anyref
          func.return %4
      }
      %5 = arith.const {value = 0} : core.i32
      %6 = core.unrealized_conversion_cast %5 : tribute_rt.anyref
      %7 = func.call %0, %6 {callee = @run_state} : tribute_rt.anyref
      func.return %7
  }
}
