---
source: crates/tribute-front/tests/lambda_effect_type.rs
expression: ir_text
---
core.module @test {
  func.func @run_state(%0: core.func(tribute_rt.anyref) {effect = core.effect_row(core.ability_ref(tribute_rt.anyref) {name = @State}) {tail_var_id = 1012}}, %1: tribute_rt.anyref) -> tribute_rt.anyref effects core.effect_row() {tail_var_id = 1012} {
    ^bb0:
      %2 = cont.push_prompt {tag = 0} : tribute_rt.anyref {
          %3 = func.call_indirect %0 : tribute_rt.anyref
          scf.yield %3
      } {
      }
      %4 = cont.handler_dispatch %2 {result_type = tribute_rt.anyref, tag = 0} : tribute_rt.anyref {
          cont.done {
            ^bb3(%5: tribute_rt.anyref):
              scf.yield %5
          }
      }
      %6 = arith.const {value = 4294967295} : cont.prompt_tag
      %7 = cont.shift %6 {ability_ref = core.ability_ref() {name = @State}, op_name = @get} : tribute_rt.anyref {
      }
      %8 = closure.lambda %1 : closure.closure(core.func(tribute_rt.anyref) {effect = core.effect_row() {tail_var_id = 31}}) {
          %9 = arith.const {value = unit} : core.nil
          func.return %9
      }
      %10 = func.call %8, %1 {callee = @run_state} : tribute_rt.anyref
      %11 = closure.lambda : closure.closure(core.func(tribute_rt.anyref) {effect = core.effect_row() {tail_var_id = 54}}) {
          %12 = arith.const {value = unit} : core.nil
          %13 = arith.const {value = unit} : core.nil
          func.return %13
      }
      %14 = arith.const {value = unit} : core.nil
      func.return %14
  }
  func.func @main() -> core.i32 {
      %0 = arith.const {value = 0} : core.i32
      func.return %0
  }
}
