---
source: crates/tribute-front/tests/lambda_effect_type.rs
expression: ir_text
---
core.module @test {
  !t0 = closure.closure(core.func(tribute_rt.anyref, tribute_rt.anyref))
  !t1 = core.array(adt.struct() {fields = [[@ability_id, core.i32], [@prompt_tag, core.i32], [@tr_dispatch_fn, core.ptr], [@handler_dispatch, core.ptr]], name = @_Marker})
  !t2 = closure.closure(core.func(tribute_rt.anyref, !t1, tribute_rt.anyref))

  func.func @"test::__lambda_0"(%0: !t1, %1: tribute_rt.anyref, %2: tribute_rt.anyref) -> tribute_rt.anyref {
      func.return %2
  }
  func.func @with_state(%0: !t1, %1: tribute_rt.anyref, %2: core.func(tribute_rt.anyref), %3: tribute_rt.anyref) -> tribute_rt.anyref attributes {tribute.calling_convention = 2} {
      %4 = closure.lambda(%5: tribute_rt.anyref) -> tribute_rt.anyref [%2] {
          %6 = core.unrealized_conversion_cast %2 : !t2
          %7 = func.call_indirect %6, %0, %5 {tribute.calling_convention = 2} : tribute_rt.anyref
          func.return %7
      }
      %8 = adt.ref_null {type = tribute_rt.anyref} : tribute_rt.anyref
      %9 = closure.new %8 {func_ref = @"test::__lambda_0"} : !t0
      %10 = func.call_indirect %4, %9 : tribute_rt.anyref
      %11 = closure.lambda(%12: tribute_rt.anyref, %13: core.i32, %14: tribute_rt.anyref) -> tribute_rt.anyref [%3] {
          %15 = arith.const {value = 1972422014} : core.i32
          %16 = arith.cmpi %13, %15 {predicate = @eq} : core.i1
          %17 = scf.if %16 : tribute_rt.anyref {
              %18 = adt.ref_null {type = tribute_rt.anyref} : tribute_rt.anyref
              %19 = closure.new %18 {func_ref = @"test::__lambda_0"} : !t0
              %20 = closure.lambda(%21: !t1, %22: tribute_rt.anyref) -> tribute_rt.anyref {tribute.calling_convention = 2} [%12, %3] {
                  %23 = core.unrealized_conversion_cast %12 : !t0
                  %24 = func.call_indirect %23, %3 : tribute_rt.anyref
                  %25 = core.unrealized_conversion_cast %22 : !t0
                  %26 = func.call_indirect %25, %24 : tribute_rt.anyref
                  func.return %26
              }
              %27 = func.call %0, %19, %20, %3 {callee = @with_state, tribute.calling_convention = 2} : tribute_rt.anyref
              scf.yield %27
          } {
              %28 = arith.const {value = 1} : core.i1
              %29 = scf.if %28 : tribute_rt.anyref {
                  %30 = adt.ref_null {type = tribute_rt.anyref} : tribute_rt.anyref
                  %31 = closure.new %30 {func_ref = @"test::__lambda_0"} : !t0
                  %32 = closure.lambda(%33: !t1, %34: tribute_rt.anyref) -> tribute_rt.anyref {tribute.calling_convention = 2} [%12] {
                      %35 = arith.const {value = unit} : core.nil
                      %36 = core.unrealized_conversion_cast %12 : !t0
                      %37 = core.unrealized_conversion_cast %35 : tribute_rt.anyref
                      %38 = func.call_indirect %36, %37 : tribute_rt.anyref
                      %39 = core.unrealized_conversion_cast %34 : !t0
                      %40 = func.call_indirect %39, %38 : tribute_rt.anyref
                      func.return %40
                  }
                  %41 = func.call %0, %31, %32, %14 {callee = @with_state, tribute.calling_convention = 2} : tribute_rt.anyref
                  scf.yield %41
              } {
                  func.unreachable
              }
              scf.yield %29
          }
          func.return %17
      }
      %42 = arith.const {value = 0} : tribute_rt.anyref
      %43 = ability.handle_dispatch %10, %11, %42 {result_type = tribute_rt.anyref, tag = 0} : tribute_rt.anyref {
          ability.done {
            ^bb10(%44: tribute_rt.anyref):
              %45 = adt.ref_null {type = tribute_rt.anyref} : tribute_rt.anyref
              %46 = closure.new %45 {func_ref = @"test::__lambda_0"} : !t0
              %47 = func.call_indirect %46, %44 : tribute_rt.anyref
              scf.yield %47
          }
          ability.suspend {ability_ref = core.ability_ref() {name = @State}, op_name = @get} {
            ^bb11(%48: tribute_rt.anyref, %49: tribute_rt.anyref):
              %50 = adt.ref_null {type = tribute_rt.anyref} : tribute_rt.anyref
              %51 = closure.new %50 {func_ref = @"test::__lambda_0"} : !t0
              %52 = closure.lambda(%53: !t1, %54: tribute_rt.anyref) -> tribute_rt.anyref {tribute.calling_convention = 2} [%48, %3] {
                  %55 = core.unrealized_conversion_cast %48 : !t0
                  %56 = func.call_indirect %55, %3 : tribute_rt.anyref
                  %57 = core.unrealized_conversion_cast %54 : !t0
                  %58 = func.call_indirect %57, %56 : tribute_rt.anyref
                  func.return %58
              }
              %59 = func.call %0, %51, %52, %3 {callee = @with_state, tribute.calling_convention = 2} : tribute_rt.anyref
              scf.yield %59
          }
          ability.suspend {ability_ref = core.ability_ref() {name = @State}, op_name = @set} {
            ^bb13(%60: tribute_rt.anyref, %61: tribute_rt.anyref):
              %62 = adt.ref_null {type = tribute_rt.anyref} : tribute_rt.anyref
              %63 = closure.new %62 {func_ref = @"test::__lambda_0"} : !t0
              %64 = closure.lambda(%65: !t1, %66: tribute_rt.anyref) -> tribute_rt.anyref {tribute.calling_convention = 2} [%60] {
                  %67 = arith.const {value = unit} : core.nil
                  %68 = core.unrealized_conversion_cast %60 : !t0
                  %69 = core.unrealized_conversion_cast %67 : tribute_rt.anyref
                  %70 = func.call_indirect %68, %69 : tribute_rt.anyref
                  %71 = core.unrealized_conversion_cast %66 : !t0
                  %72 = func.call_indirect %71, %70 : tribute_rt.anyref
                  func.return %72
              }
              %73 = func.call %0, %63, %64, %61 {callee = @with_state, tribute.calling_convention = 2} : tribute_rt.anyref
              scf.yield %73
          }
      }
      %74 = core.unrealized_conversion_cast %1 : !t0
      %75 = func.call_indirect %74, %43 : tribute_rt.anyref
      func.return %75
  }
  func.func @main() -> core.i32 attributes {tribute.calling_convention = 0} {
      %0 = adt.ref_null {type = tribute_rt.anyref} : tribute_rt.anyref
      %1 = closure.new %0 {func_ref = @"test::__lambda_0"} : !t0
      %2 = closure.lambda(%3: !t1, %4: tribute_rt.anyref) -> tribute_rt.anyref {tribute.calling_convention = 2} {
          %5 = ability.call {ability_ref = core.ability_ref() {name = @State}, op_name = @get} : tribute_rt.anyref
          %6 = core.unrealized_conversion_cast %4 : !t0
          %7 = func.call_indirect %6, %5 : tribute_rt.anyref
          func.return %7
      }
      %8 = arith.const {value = 42} : core.i32
      %9 = core.unrealized_conversion_cast %8 : tribute_rt.anyref
      %10 = adt.ref_null {type = !t1} : !t1
      %11 = func.call %10, %1, %2, %9 {callee = @with_state, tribute.calling_convention = 2} : tribute_rt.anyref
      %12 = core.unrealized_conversion_cast %11 : core.i32
      func.return %12
  }
}
