---
source: crates/tribute-front/tests/lambda_effect_type.rs
expression: ir_text
---
core.module @test {
  func.func @run_with_state(%0: core.func(core.i32) {effect = core.effect_row(core.ability_ref(core.i32) {name = @State}) {tail_var_id = 0}}) -> core.i32 {
    ^bb0:
      %1 = cont.push_prompt {tag = 0} : tribute_rt.any {
          %2 = func.call_indirect %0 : core.i32
          scf.yield %2
      } {
      }
      %3 = cont.handler_dispatch %1 {result_type = tribute_rt.any, tag = 0} : tribute_rt.any {
          cont.done {
            ^bb3(%4: tribute_rt.any):
              scf.yield %4
          }
          cont.suspend {ability_ref = core.ability_ref() {name = @State}, op_name = @get} {
            ^bb4(%5: cont.continuation(tribute_rt.any, tribute_rt.any, tribute_rt.any), %6: tribute_rt.any):
              %7 = arith.const {value = 99} : core.i32
              %8 = cont.resume %5, %7 : tribute_rt.any
              scf.yield %8
          }
      }
      %9 = core.unrealized_conversion_cast %3 : core.i32
      func.return %9
  }
  func.func @apply_thunk(%0: core.func(core.i32) {effect = core.effect_row() {tail_var_id = 1001}}) -> core.i32 {
    ^bb0:
      %1 = func.call_indirect %0 : core.i32
      func.return %1
  }
  func.func @"test::__lambda_1"(%0: core.array(adt.struct() {fields = [[@ability_id, core.i32], [@prompt_tag, core.i32], [@tr_dispatch_fn, core.ptr]], name = @_Marker}), %1: tribute_rt.any) -> tribute_rt.any effects core.effect_row(core.ability_ref(core.i32) {name = @State}) {tail_var_id = 0} {
    ^bb0:
      %2 = arith.const {value = 4294967295} : cont.prompt_tag
      %3 = cont.shift %2 {ability_ref = core.ability_ref() {name = @State}, op_name = @get} : tribute_rt.any {
      }
      func.return %3
  }
  func.func @"test::__lambda_0"(%0: core.array(adt.struct() {fields = [[@ability_id, core.i32], [@prompt_tag, core.i32], [@tr_dispatch_fn, core.ptr]], name = @_Marker}), %1: tribute_rt.any) -> core.i32 effects core.effect_row() {tail_var_id = 1000} {
    ^bb0:
      %2 = adt.ref_null {type = tribute_rt.any} : tribute_rt.any
      %3 = closure.new %2 {func_ref = @"test::__lambda_1"} : closure.closure(core.func(tribute_rt.any))
      %4 = func.call %3 {callee = @run_with_state} : core.i32
      func.return %4
  }
  func.func @main() -> core.i32 {
      %0 = adt.ref_null {type = tribute_rt.any} : tribute_rt.any
      %1 = closure.new %0 {func_ref = @"test::__lambda_0"} : closure.closure(core.func(core.i32))
      %2 = func.call %1 {callee = @apply_thunk} : core.i32
      func.return %2
  }
}
