---
source: crates/tribute-front/tests/lambda_effect_type.rs
expression: ir_module
---
Module(test) {
    operations: [
        func @test::__lambda_0(core.array, tribute_rt.any, tribute_rt.any) -> tribute_rt.any {
            body: [
                "arith.const",
                "arith.add",
                "core.unrealized_conversion_cast",
                "func.return",
            ],
        },
        func @apply(core.func, core.i32) -> core.i32 {
            body: [
                "func.call_indirect",
                "func.return",
            ],
        },
        func @main() -> core.i32 {
            body: [
                "arith.const",
                "closure.new",
                "arith.const",
                "func.call",
                "func.return",
            ],
        },
    ],
}
