---
source: crates/tribute-front/tests/lambda_effect_type.rs
assertion_line: 244
expression: ir_text
---
core.module @test {
  func.func @counter() -> core.i32 effects core.effect_row(core.ability_ref(core.i32) {name = @State}) {tail_var_id = 0} {
      %0 = ability.call {ability_ref = core.ability_ref() {name = @State}, op_name = @get} : tribute_rt.anyref
      %1 = core.unrealized_conversion_cast %0 : core.i32
      %2 = arith.const {value = 1} : core.i32
      %3 = func.call %1, %2 {callee = @"Int::+"} : core.i32
      %4 = ability.call %3 {ability_ref = core.ability_ref() {name = @State}, op_name = @set} : tribute_rt.anyref
      %5 = core.unrealized_conversion_cast %4 : core.nil
      func.return %1
  }
  func.func @run_state(%0: core.func(tribute_rt.anyref) {effect = core.effect_row(core.ability_ref(tribute_rt.anyref) {name = @State}) {tail_var_id = 1016}}, %1: tribute_rt.anyref) -> tribute_rt.anyref effects core.effect_row() {tail_var_id = 1016} {
      %2 = closure.lambda() -> tribute_rt.anyref [%0] {
          %3 = func.call_indirect %0 : tribute_rt.anyref
          func.return %3
      }
      %4 = func.call_indirect %2 : tribute_rt.anyref
      %5 = closure.lambda(%6: tribute_rt.anyref, %7: core.i32, %8: tribute_rt.anyref) -> tribute_rt.anyref {
          func.unreachable
      }
      %9 = arith.const {value = 0} : tribute_rt.anyref
      %10 = ability.handle_dispatch %4, %5, %9 {result_type = tribute_rt.anyref, tag = 0} : tribute_rt.anyref {
          ability.done {
            ^bb4(%11: tribute_rt.anyref):
              scf.yield %11
          }
      }
      %12 = ability.call {ability_ref = core.ability_ref() {name = @State}, op_name = @get} : tribute_rt.anyref
      %13 = closure.lambda() -> tribute_rt.anyref effects core.effect_row() {tail_var_id = 43} [%1] {
          %14 = arith.const {value = unit} : core.nil
          func.return %14
      }
      %15 = func.call %13, %1 {callee = @run_state} : tribute_rt.anyref
      %16 = closure.lambda() -> tribute_rt.anyref effects core.effect_row() {tail_var_id = 70} {
          %17 = arith.const {value = unit} : core.nil
          %18 = arith.const {value = unit} : core.nil
          func.return %18
      }
      %19 = arith.const {value = unit} : core.nil
      func.return %19
  }
  func.func @main() -> core.i32 {
      %0 = closure.lambda() -> tribute_rt.anyref effects core.effect_row(core.ability_ref(core.i32) {name = @State}) {tail_var_id = 11} {
          %1 = func.call {callee = @counter} : core.i32
          %2 = func.call {callee = @counter} : core.i32
          %3 = func.call {callee = @counter} : core.i32
          %4 = core.unrealized_conversion_cast %3 : tribute_rt.anyref
          func.return %4
      }
      %5 = arith.const {value = 0} : core.i32
      %6 = core.unrealized_conversion_cast %5 : tribute_rt.anyref
      %7 = func.call %0, %6 {callee = @run_state} : tribute_rt.anyref
      %8 = core.unrealized_conversion_cast %7 : core.i32
      func.return %8
  }
}
