---
source: crates/tribute-front/tests/record_field_type.rs
assertion_line: 171
expression: ir_text
---
core.module @test {
  core.module @Pair {
    func.func @"test::Pair::first"(%0: adt.typeref() {name = @Pair}) -> core.nil {
      ^bb0:
        %1 = adt.struct_get %0 {field = 0, type = adt.struct() {fields = [[@first, core.nil], [@second, core.nil]], name = @Pair}} : core.nil
        func.return %1
    }
    func.func @"test::Pair::second"(%0: adt.typeref() {name = @Pair}) -> core.nil {
      ^bb0:
        %1 = adt.struct_get %0 {field = 1, type = adt.struct() {fields = [[@first, core.nil], [@second, core.nil]], name = @Pair}} : core.nil
        func.return %1
    }
  }
  func.func @make_pair() -> tribute_rt.any {
      %0 = arith.const {value = 42} : core.i32
      %1 = arith.const {value = true} : core.i1
      %2 = adt.struct_new %0, %1 {type = adt.struct() {fields = [[@first, core.nil], [@second, core.nil]], name = @Pair}} : adt.typeref() {name = @Pair}
      func.return %2
  }
}
