---
source: crates/tribute-front/tests/record_field_type.rs
assertion_line: 210
expression: ir_text
---
core.module @test {
  !Point = adt.struct() {fields = [[@x, core.i32], [@y, core.i32]], name = @Point}
  !Point_1 = adt.typeref() {name = @Point}
  !t0 = core.func(core.i32, !Point_1)
  !t1 = core.func(tribute_rt.anyref, tribute_rt.anyref)

  core.module @Point {
    func.func @"test::Point::x"(%0: !Point_1) -> core.i32 {
      ^bb0:
        %1 = adt.struct_get %0 {field = 0, type = !Point} : core.i32
        func.return %1
    }
    func.func @"test::Point::y"(%0: !Point_1) -> core.i32 {
      ^bb0:
        %1 = adt.struct_get %0 {field = 1, type = !Point} : core.i32
        func.return %1
    }
  }
  func.func @replace_all(%0: tribute_rt.anyref) -> tribute_rt.anyref {
    ^bb0:
      %1 = arith.const {value = 1} : core.i32
      %2 = arith.const {value = 2} : core.i32
      %3 = adt.struct_new %1, %2 {type = !Point} : !Point_1
      func.return %3
  }
}
