---
source: crates/tribute-front/tests/record_field_type.rs
expression: ir_text
---
core.module @test {
  core.module @Config {
    func.func @"test::Config::debug"(%0: adt.typeref() {name = @Config}) -> core.i1 {
      ^bb0:
        %1 = adt.struct_get %0 {field = 0, type = adt.struct() {fields = [[@debug, core.i1], [@verbose, core.i1]], name = @Config}} : core.i1
        func.return %1
    }
    func.func @"test::Config::verbose"(%0: adt.typeref() {name = @Config}) -> core.i1 {
      ^bb0:
        %1 = adt.struct_get %0 {field = 1, type = adt.struct() {fields = [[@debug, core.i1], [@verbose, core.i1]], name = @Config}} : core.i1
        func.return %1
    }
  }
  func.func @copy_config(%0: tribute_rt.any) -> tribute_rt.any {
    ^bb0:
      %1 = adt.struct_get %0 {field = 0, type = adt.struct() {fields = [[@debug, core.i1], [@verbose, core.i1]], name = @Config}} : tribute_rt.any
      %2 = adt.struct_get %0 {field = 1, type = adt.struct() {fields = [[@debug, core.i1], [@verbose, core.i1]], name = @Config}} : tribute_rt.any
      %3 = adt.struct_new %1, %2 {type = adt.struct() {fields = [[@debug, core.i1], [@verbose, core.i1]], name = @Config}} : adt.typeref() {name = @Config}
      func.return %3
  }
}
