---
source: crates/trunk-ir-cranelift-backend/src/passes/func_to_clif.rs
expression: formatted
---
clif.symbol_addr sym=lifted_fn -> ptr
arith.const -> ptr
adt.struct_new type=struct operands=2 -> struct
adt.struct_get type=struct field=0 operands=1 -> ptr
adt.struct_get type=struct field=1 operands=1 -> ptr
clif.call_indirect sig=func operands=2 -> i32
